###############################################################################
#
# IAR ELF Linker V9.40.1.364/W64 for ARM                  08/Oct/2023  19:33:21
# Copyright 2007-2023 IAR Systems AB.
#
#    Output file  =
#        C:\Users\Irdatlanka\Documents\GitHub\stm32u5-classic-coremw-apps\Projects\NUCLEO-U575ZI-Q\Applications\USB_Device\CDC_Standalone\EWARM\NUCLEO-U575ZI-Q\Exe\Project.out
#    Map file     =
#        C:\Users\Irdatlanka\Documents\GitHub\stm32u5-classic-coremw-apps\Projects\NUCLEO-U575ZI-Q\Applications\USB_Device\CDC_Standalone\EWARM\NUCLEO-U575ZI-Q\List\Project.map
#    Command line =
#        -f
#        C:\Users\Irdatlanka\Documents\GitHub\stm32u5-classic-coremw-apps\Projects\NUCLEO-U575ZI-Q\Applications\USB_Device\CDC_Standalone\EWARM\NUCLEO-U575ZI-Q\Exe\Project.out.rsp
#        (C:\Users\Irdatlanka\Documents\GitHub\stm32u5-classic-coremw-apps\Projects\NUCLEO-U575ZI-Q\Applications\USB_Device\CDC_Standalone\EWARM\NUCLEO-U575ZI-Q\Obj\Core_13247989168731456611.dir\main.o
#        C:\Users\Irdatlanka\Documents\GitHub\stm32u5-classic-coremw-apps\Projects\NUCLEO-U575ZI-Q\Applications\USB_Device\CDC_Standalone\EWARM\NUCLEO-U575ZI-Q\Obj\Components_1361118596739929299.dir\mfxstm32l152.o
#        C:\Users\Irdatlanka\Documents\GitHub\stm32u5-classic-coremw-apps\Projects\NUCLEO-U575ZI-Q\Applications\USB_Device\CDC_Standalone\EWARM\NUCLEO-U575ZI-Q\Obj\Components_1361118596739929299.dir\mfxstm32l152_reg.o
#        C:\Users\Irdatlanka\Documents\GitHub\stm32u5-classic-coremw-apps\Projects\NUCLEO-U575ZI-Q\Applications\USB_Device\CDC_Standalone\EWARM\NUCLEO-U575ZI-Q\Obj\EWARM_18443280873093131863.dir\startup_stm32u575xx.o
#        C:\Users\Irdatlanka\Documents\GitHub\stm32u5-classic-coremw-apps\Projects\NUCLEO-U575ZI-Q\Applications\USB_Device\CDC_Standalone\EWARM\NUCLEO-U575ZI-Q\Obj\STM32U5xx_HAL_Driver_18077472236357910042.dir\stm32u5xx_hal.o
#        C:\Users\Irdatlanka\Documents\GitHub\stm32u5-classic-coremw-apps\Projects\NUCLEO-U575ZI-Q\Applications\USB_Device\CDC_Standalone\EWARM\NUCLEO-U575ZI-Q\Obj\STM32U5xx_HAL_Driver_18077472236357910042.dir\stm32u5xx_hal_adc.o
#        C:\Users\Irdatlanka\Documents\GitHub\stm32u5-classic-coremw-apps\Projects\NUCLEO-U575ZI-Q\Applications\USB_Device\CDC_Standalone\EWARM\NUCLEO-U575ZI-Q\Obj\STM32U5xx_HAL_Driver_18077472236357910042.dir\stm32u5xx_hal_adc_ex.o
#        C:\Users\Irdatlanka\Documents\GitHub\stm32u5-classic-coremw-apps\Projects\NUCLEO-U575ZI-Q\Applications\USB_Device\CDC_Standalone\EWARM\NUCLEO-U575ZI-Q\Obj\STM32U5xx_HAL_Driver_18077472236357910042.dir\stm32u5xx_hal_cortex.o
#        C:\Users\Irdatlanka\Documents\GitHub\stm32u5-classic-coremw-apps\Projects\NUCLEO-U575ZI-Q\Applications\USB_Device\CDC_Standalone\EWARM\NUCLEO-U575ZI-Q\Obj\STM32U5xx_HAL_Driver_18077472236357910042.dir\stm32u5xx_hal_dcache.o
#        C:\Users\Irdatlanka\Documents\GitHub\stm32u5-classic-coremw-apps\Projects\NUCLEO-U575ZI-Q\Applications\USB_Device\CDC_Standalone\EWARM\NUCLEO-U575ZI-Q\Obj\STM32U5xx_HAL_Driver_18077472236357910042.dir\stm32u5xx_hal_dma.o
#        C:\Users\Irdatlanka\Documents\GitHub\stm32u5-classic-coremw-apps\Projects\NUCLEO-U575ZI-Q\Applications\USB_Device\CDC_Standalone\EWARM\NUCLEO-U575ZI-Q\Obj\STM32U5xx_HAL_Driver_18077472236357910042.dir\stm32u5xx_hal_dma_ex.o
#        C:\Users\Irdatlanka\Documents\GitHub\stm32u5-classic-coremw-apps\Projects\NUCLEO-U575ZI-Q\Applications\USB_Device\CDC_Standalone\EWARM\NUCLEO-U575ZI-Q\Obj\STM32U5xx_HAL_Driver_18077472236357910042.dir\stm32u5xx_hal_exti.o
#        C:\Users\Irdatlanka\Documents\GitHub\stm32u5-classic-coremw-apps\Projects\NUCLEO-U575ZI-Q\Applications\USB_Device\CDC_Standalone\EWARM\NUCLEO-U575ZI-Q\Obj\STM32U5xx_HAL_Driver_18077472236357910042.dir\stm32u5xx_hal_gpio.o
#        C:\Users\Irdatlanka\Documents\GitHub\stm32u5-classic-coremw-apps\Projects\NUCLEO-U575ZI-Q\Applications\USB_Device\CDC_Standalone\EWARM\NUCLEO-U575ZI-Q\Obj\STM32U5xx_HAL_Driver_18077472236357910042.dir\stm32u5xx_hal_i2c.o
#        C:\Users\Irdatlanka\Documents\GitHub\stm32u5-classic-coremw-apps\Projects\NUCLEO-U575ZI-Q\Applications\USB_Device\CDC_Standalone\EWARM\NUCLEO-U575ZI-Q\Obj\STM32U5xx_HAL_Driver_18077472236357910042.dir\stm32u5xx_hal_i2c_ex.o
#        C:\Users\Irdatlanka\Documents\GitHub\stm32u5-classic-coremw-apps\Projects\NUCLEO-U575ZI-Q\Applications\USB_Device\CDC_Standalone\EWARM\NUCLEO-U575ZI-Q\Obj\STM32U5xx_HAL_Driver_18077472236357910042.dir\stm32u5xx_hal_icache.o
#        C:\Users\Irdatlanka\Documents\GitHub\stm32u5-classic-coremw-apps\Projects\NUCLEO-U575ZI-Q\Applications\USB_Device\CDC_Standalone\EWARM\NUCLEO-U575ZI-Q\Obj\Core_13247989168731456611.dir\stm32u5xx_hal_msp.o
#        C:\Users\Irdatlanka\Documents\GitHub\stm32u5-classic-coremw-apps\Projects\NUCLEO-U575ZI-Q\Applications\USB_Device\CDC_Standalone\EWARM\NUCLEO-U575ZI-Q\Obj\STM32U5xx_HAL_Driver_18077472236357910042.dir\stm32u5xx_hal_pcd.o
#        C:\Users\Irdatlanka\Documents\GitHub\stm32u5-classic-coremw-apps\Projects\NUCLEO-U575ZI-Q\Applications\USB_Device\CDC_Standalone\EWARM\NUCLEO-U575ZI-Q\Obj\STM32U5xx_HAL_Driver_18077472236357910042.dir\stm32u5xx_hal_pcd_ex.o
#        C:\Users\Irdatlanka\Documents\GitHub\stm32u5-classic-coremw-apps\Projects\NUCLEO-U575ZI-Q\Applications\USB_Device\CDC_Standalone\EWARM\NUCLEO-U575ZI-Q\Obj\STM32U5xx_HAL_Driver_18077472236357910042.dir\stm32u5xx_hal_pwr.o
#        C:\Users\Irdatlanka\Documents\GitHub\stm32u5-classic-coremw-apps\Projects\NUCLEO-U575ZI-Q\Applications\USB_Device\CDC_Standalone\EWARM\NUCLEO-U575ZI-Q\Obj\STM32U5xx_HAL_Driver_18077472236357910042.dir\stm32u5xx_hal_pwr_ex.o
#        C:\Users\Irdatlanka\Documents\GitHub\stm32u5-classic-coremw-apps\Projects\NUCLEO-U575ZI-Q\Applications\USB_Device\CDC_Standalone\EWARM\NUCLEO-U575ZI-Q\Obj\STM32U5xx_HAL_Driver_18077472236357910042.dir\stm32u5xx_hal_rcc.o
#        C:\Users\Irdatlanka\Documents\GitHub\stm32u5-classic-coremw-apps\Projects\NUCLEO-U575ZI-Q\Applications\USB_Device\CDC_Standalone\EWARM\NUCLEO-U575ZI-Q\Obj\STM32U5xx_HAL_Driver_18077472236357910042.dir\stm32u5xx_hal_rcc_ex.o
#        C:\Users\Irdatlanka\Documents\GitHub\stm32u5-classic-coremw-apps\Projects\NUCLEO-U575ZI-Q\Applications\USB_Device\CDC_Standalone\EWARM\NUCLEO-U575ZI-Q\Obj\STM32U5xx_HAL_Driver_18077472236357910042.dir\stm32u5xx_hal_spi.o
#        C:\Users\Irdatlanka\Documents\GitHub\stm32u5-classic-coremw-apps\Projects\NUCLEO-U575ZI-Q\Applications\USB_Device\CDC_Standalone\EWARM\NUCLEO-U575ZI-Q\Obj\STM32U5xx_HAL_Driver_18077472236357910042.dir\stm32u5xx_hal_tim.o
#        C:\Users\Irdatlanka\Documents\GitHub\stm32u5-classic-coremw-apps\Projects\NUCLEO-U575ZI-Q\Applications\USB_Device\CDC_Standalone\EWARM\NUCLEO-U575ZI-Q\Obj\STM32U5xx_HAL_Driver_18077472236357910042.dir\stm32u5xx_hal_tim_ex.o
#        C:\Users\Irdatlanka\Documents\GitHub\stm32u5-classic-coremw-apps\Projects\NUCLEO-U575ZI-Q\Applications\USB_Device\CDC_Standalone\EWARM\NUCLEO-U575ZI-Q\Obj\STM32U5xx_HAL_Driver_18077472236357910042.dir\stm32u5xx_hal_uart.o
#        C:\Users\Irdatlanka\Documents\GitHub\stm32u5-classic-coremw-apps\Projects\NUCLEO-U575ZI-Q\Applications\USB_Device\CDC_Standalone\EWARM\NUCLEO-U575ZI-Q\Obj\STM32U5xx_HAL_Driver_18077472236357910042.dir\stm32u5xx_hal_uart_ex.o
#        C:\Users\Irdatlanka\Documents\GitHub\stm32u5-classic-coremw-apps\Projects\NUCLEO-U575ZI-Q\Applications\USB_Device\CDC_Standalone\EWARM\NUCLEO-U575ZI-Q\Obj\STM32U5xx_HAL_Driver_18077472236357910042.dir\stm32u5xx_hal_usart.o
#        C:\Users\Irdatlanka\Documents\GitHub\stm32u5-classic-coremw-apps\Projects\NUCLEO-U575ZI-Q\Applications\USB_Device\CDC_Standalone\EWARM\NUCLEO-U575ZI-Q\Obj\STM32U5xx_HAL_Driver_18077472236357910042.dir\stm32u5xx_hal_usart_ex.o
#        C:\Users\Irdatlanka\Documents\GitHub\stm32u5-classic-coremw-apps\Projects\NUCLEO-U575ZI-Q\Applications\USB_Device\CDC_Standalone\EWARM\NUCLEO-U575ZI-Q\Obj\Core_13247989168731456611.dir\stm32u5xx_it.o
#        C:\Users\Irdatlanka\Documents\GitHub\stm32u5-classic-coremw-apps\Projects\NUCLEO-U575ZI-Q\Applications\USB_Device\CDC_Standalone\EWARM\NUCLEO-U575ZI-Q\Obj\STM32U5xx_HAL_Driver_18077472236357910042.dir\stm32u5xx_ll_ucpd.o
#        C:\Users\Irdatlanka\Documents\GitHub\stm32u5-classic-coremw-apps\Projects\NUCLEO-U575ZI-Q\Applications\USB_Device\CDC_Standalone\EWARM\NUCLEO-U575ZI-Q\Obj\STM32U5xx_HAL_Driver_18077472236357910042.dir\stm32u5xx_ll_usb.o
#        C:\Users\Irdatlanka\Documents\GitHub\stm32u5-classic-coremw-apps\Projects\NUCLEO-U575ZI-Q\Applications\USB_Device\CDC_Standalone\EWARM\NUCLEO-U575ZI-Q\Obj\STM32U5xx_Nucleo_17360961038387864367.dir\stm32u5xx_nucleo.o
#        C:\Users\Irdatlanka\Documents\GitHub\stm32u5-classic-coremw-apps\Projects\NUCLEO-U575ZI-Q\Applications\USB_Device\CDC_Standalone\EWARM\NUCLEO-U575ZI-Q\Obj\STM32U5xx_Nucleo_17360961038387864367.dir\stm32u5xx_nucleo_usbpd_pwr.o
#        C:\Users\Irdatlanka\Documents\GitHub\stm32u5-classic-coremw-apps\Projects\NUCLEO-U575ZI-Q\Applications\USB_Device\CDC_Standalone\EWARM\NUCLEO-U575ZI-Q\Obj\CMSIS_6603591812247902717.dir\system_stm32u5xx.o
#        C:\Users\Irdatlanka\Documents\GitHub\stm32u5-classic-coremw-apps\Projects\NUCLEO-U575ZI-Q\Applications\USB_Device\CDC_Standalone\EWARM\NUCLEO-U575ZI-Q\Obj\App_6612947199827748718.dir\usb_device.o
#        C:\Users\Irdatlanka\Documents\GitHub\stm32u5-classic-coremw-apps\Projects\NUCLEO-U575ZI-Q\Applications\USB_Device\CDC_Standalone\EWARM\NUCLEO-U575ZI-Q\Obj\CDC_16681379477064853705.dir\usbd_cdc.o
#        C:\Users\Irdatlanka\Documents\GitHub\stm32u5-classic-coremw-apps\Projects\NUCLEO-U575ZI-Q\Applications\USB_Device\CDC_Standalone\EWARM\NUCLEO-U575ZI-Q\Obj\App_6612947199827748718.dir\usbd_cdc_if.o
#        C:\Users\Irdatlanka\Documents\GitHub\stm32u5-classic-coremw-apps\Projects\NUCLEO-U575ZI-Q\Applications\USB_Device\CDC_Standalone\EWARM\NUCLEO-U575ZI-Q\Obj\Target_14167004246567845465.dir\usbd_conf.o
#        C:\Users\Irdatlanka\Documents\GitHub\stm32u5-classic-coremw-apps\Projects\NUCLEO-U575ZI-Q\Applications\USB_Device\CDC_Standalone\EWARM\NUCLEO-U575ZI-Q\Obj\Core_9232119672538125435.dir\usbd_core.o
#        C:\Users\Irdatlanka\Documents\GitHub\stm32u5-classic-coremw-apps\Projects\NUCLEO-U575ZI-Q\Applications\USB_Device\CDC_Standalone\EWARM\NUCLEO-U575ZI-Q\Obj\Core_9232119672538125435.dir\usbd_ctlreq.o
#        C:\Users\Irdatlanka\Documents\GitHub\stm32u5-classic-coremw-apps\Projects\NUCLEO-U575ZI-Q\Applications\USB_Device\CDC_Standalone\EWARM\NUCLEO-U575ZI-Q\Obj\App_6612947199827748718.dir\usbd_desc.o
#        C:\Users\Irdatlanka\Documents\GitHub\stm32u5-classic-coremw-apps\Projects\NUCLEO-U575ZI-Q\Applications\USB_Device\CDC_Standalone\EWARM\NUCLEO-U575ZI-Q\Obj\Core_9232119672538125435.dir\usbd_ioreq.o
#        C:\Users\Irdatlanka\Documents\GitHub\stm32u5-classic-coremw-apps\Projects\NUCLEO-U575ZI-Q\Applications\USB_Device\CDC_Standalone\EWARM\NUCLEO-U575ZI-Q\Obj\USB-PD_16088497327023206971.dir\usbpd.o
#        C:\Users\Irdatlanka\Documents\GitHub\stm32u5-classic-coremw-apps\Projects\NUCLEO-U575ZI-Q\Applications\USB_Device\CDC_Standalone\EWARM\NUCLEO-U575ZI-Q\Obj\STM32_USBPD_Library_10637878860516305910.dir\usbpd_cad_hw_if.o
#        C:\Users\Irdatlanka\Documents\GitHub\stm32u5-classic-coremw-apps\Projects\NUCLEO-U575ZI-Q\Applications\USB_Device\CDC_Standalone\EWARM\NUCLEO-U575ZI-Q\Obj\USB-PD_16088497327023206971.dir\usbpd_dpm_core.o
#        C:\Users\Irdatlanka\Documents\GitHub\stm32u5-classic-coremw-apps\Projects\NUCLEO-U575ZI-Q\Applications\USB_Device\CDC_Standalone\EWARM\NUCLEO-U575ZI-Q\Obj\USB-PD_16088497327023206971.dir\usbpd_dpm_user.o
#        C:\Users\Irdatlanka\Documents\GitHub\stm32u5-classic-coremw-apps\Projects\NUCLEO-U575ZI-Q\Applications\USB_Device\CDC_Standalone\EWARM\NUCLEO-U575ZI-Q\Obj\STM32_USBPD_Library_10637878860516305910.dir\usbpd_hw.o
#        C:\Users\Irdatlanka\Documents\GitHub\stm32u5-classic-coremw-apps\Projects\NUCLEO-U575ZI-Q\Applications\USB_Device\CDC_Standalone\EWARM\NUCLEO-U575ZI-Q\Obj\STM32_USBPD_Library_10637878860516305910.dir\usbpd_hw_if_it.o
#        C:\Users\Irdatlanka\Documents\GitHub\stm32u5-classic-coremw-apps\Projects\NUCLEO-U575ZI-Q\Applications\USB_Device\CDC_Standalone\EWARM\NUCLEO-U575ZI-Q\Obj\STM32_USBPD_Library_10637878860516305910.dir\usbpd_phy_hw_if.o
#        C:\Users\Irdatlanka\Documents\GitHub\stm32u5-classic-coremw-apps\Projects\NUCLEO-U575ZI-Q\Applications\USB_Device\CDC_Standalone\EWARM\NUCLEO-U575ZI-Q\Obj\STM32_USBPD_Library_10637878860516305910.dir\usbpd_pwr_hw_if.o
#        C:\Users\Irdatlanka\Documents\GitHub\stm32u5-classic-coremw-apps\Projects\NUCLEO-U575ZI-Q\Applications\USB_Device\CDC_Standalone\EWARM\NUCLEO-U575ZI-Q\Obj\USB-PD_16088497327023206971.dir\usbpd_pwr_if.o
#        C:\Users\Irdatlanka\Documents\GitHub\stm32u5-classic-coremw-apps\Projects\NUCLEO-U575ZI-Q\Applications\USB_Device\CDC_Standalone\EWARM\NUCLEO-U575ZI-Q\Obj\STM32_USBPD_Library_10637878860516305910.dir\usbpd_trace.o
#        C:\Users\Irdatlanka\Documents\GitHub\stm32u5-classic-coremw-apps\Projects\NUCLEO-U575ZI-Q\Applications\USB_Device\CDC_Standalone\EWARM\NUCLEO-U575ZI-Q\Obj\USB-PD_16088497327023206971.dir\usbpd_usb_if.o
#        C:\Users\Irdatlanka\Documents\GitHub\stm32u5-classic-coremw-apps\Middlewares\ST\STM32_USBPD_Library\Core\lib\USBPDCORE_NOPD_CM0PLUS_wc32.a
#        --printf_multibytes --scanf_multibytes --no_out_extension -o
#        C:\Users\Irdatlanka\Documents\GitHub\stm32u5-classic-coremw-apps\Projects\NUCLEO-U575ZI-Q\Applications\USB_Device\CDC_Standalone\EWARM\NUCLEO-U575ZI-Q\Exe\Project.out
#        --map
#        C:\Users\Irdatlanka\Documents\GitHub\stm32u5-classic-coremw-apps\Projects\NUCLEO-U575ZI-Q\Applications\USB_Device\CDC_Standalone\EWARM\NUCLEO-U575ZI-Q\List\Project.map
#        --config
#        C:\Users\Irdatlanka\Documents\GitHub\stm32u5-classic-coremw-apps\Projects\NUCLEO-U575ZI-Q\Applications\USB_Device\CDC_Standalone\EWARM\stm32u575xx_flash.icf
#        --semihosting --entry __iar_program_start --vfe --text_out locale
#        --cpu=Cortex-M33.no_dsp.no_se --fpu=VFPv5_sp) --dependencies=n
#        C:\Users\Irdatlanka\Documents\GitHub\stm32u5-classic-coremw-apps\Projects\NUCLEO-U575ZI-Q\Applications\USB_Device\CDC_Standalone\EWARM\NUCLEO-U575ZI-Q\Exe\Project.out.iar_deps
#
###############################################################################

*******************************************************************************
*** RUNTIME MODEL ATTRIBUTES
***

CppFlavor       = *
__CPP_Runtime   = 1
__Heap_Handler  = NoFree
__SystemLibrary = DLib
__dlib_version  = 6


*******************************************************************************
*** HEAP SELECTION
***

The no free heap was selected because no calls to memory
deallocation functions were found in the application.


*******************************************************************************
*** PLACEMENT SUMMARY
***

"A0":  place at address 0x800'0000 { ro section .intvec };
"P1":  place in [from 0x800'0000 to 0x81f'ffff] { ro };
define block CSTACK with size = 1K, alignment = 8 { };
define block HEAP with size = 512, alignment = 8 { };
"P2":  place in [from 0x2000'0000 to 0x200b'ffff] {
          rw, block CSTACK, block HEAP };
initialize by copy { rw };

  Section            Kind         Address    Size  Object
  -------            ----         -------    ----  ------
"A0":                                       0x234
  .intvec            ro code   0x800'0000   0x234  startup_stm32u575xx.o [7]
                             - 0x800'0234   0x234

"P1":                                      0x8207
  .text              ro code   0x800'0234   0xf98  stm32u5xx_hal_rcc_ex.o [8]
  .text              ro code   0x800'11cc     0xc  stm32u5xx_hal.o [8]
  .text              ro code   0x800'11d8   0xc52  stm32u5xx_hal_rcc.o [8]
  .text              ro code   0x800'1e2a    0x7e  lz77_init_single.o [16]
  .text              ro code   0x800'1ea8    0x44  stm32u5xx_hal.o [8]
  .text              ro code   0x800'1eec    0xc4  stm32u5xx_hal_pwr_ex.o [8]
  .text              ro code   0x800'1fb0    0xe8  stm32u5xx_hal_cortex.o [8]
  .text              ro code   0x800'2098   0xe98  stm32u5xx_hal_uart.o [8]
  .text              ro code   0x800'2f30   0x164  stm32u5xx_hal_msp.o [5]
  .text              ro code   0x800'3094    0xec  stm32u5xx_hal_dma_ex.o [8]
  .text              ro code   0x800'3180   0x5e0  stm32u5xx_hal_dma.o [8]
  .text              ro code   0x800'3760   0x1e6  usbd_cdc_if.o [1]
  .text              ro code   0x800'3946     0x2  stm32u5xx_hal_uart.o [8]
  .text              ro code   0x800'3948     0x2  stm32u5xx_hal_uart_ex.o [8]
  .text              ro code   0x800'394a     0x2  stm32u5xx_hal_uart_ex.o [8]
  .text              ro code   0x800'394c   0x106  I64DivMod_small.o [16]
  .text              ro code   0x800'3a52     0x2  stm32u5xx_hal_uart.o [8]
  .text              ro code   0x800'3a54   0x354  stm32u5xx_hal_gpio.o [8]
  .text              ro code   0x800'3da8   0x474  stm32u5xx_hal_tim.o [8]
  .text              ro code   0x800'421c   0x308  usbd_cdc.o [2]
  .text              ro code   0x800'4524     0x2  I64DivZer.o [16]
  .text              ro code   0x800'4526     0x2  stm32u5xx_hal_tim.o [8]
  .text              ro code   0x800'4528     0x2  stm32u5xx_hal_tim.o [8]
  .text              ro code   0x800'452a     0x2  stm32u5xx_hal_tim.o [8]
  .text              ro code   0x800'452c     0x2  stm32u5xx_hal_tim_ex.o [8]
  .text              ro code   0x800'452e     0x2  stm32u5xx_hal_tim_ex.o [8]
  .text              ro code   0x800'4530     0x2  stm32u5xx_hal_tim.o [8]
  .text              ro code   0x800'4532     0x2  stm32u5xx_hal_tim_ex.o [8]
  .text              ro code   0x800'4534     0x2  stm32u5xx_hal_tim_ex.o [8]
  .text              ro code   0x800'4536     0x2  stm32u5xx_hal_tim_ex.o [8]
  .text              ro code   0x800'4538     0x2  stm32u5xx_hal_tim_ex.o [8]
  .text              ro code   0x800'453a     0x2  stm32u5xx_hal_tim_ex.o [8]
  .text              ro code   0x800'453c     0x2  stm32u5xx_hal_tim.o [8]
  .text              ro code   0x800'453e     0x2  stm32u5xx_hal_adc.o [8]
  .text              ro code   0x800'4540   0x23c  usbd_conf.o [11]
  .text              ro code   0x800'477c    0x64  usbd_ioreq.o [6]
  .text              ro code   0x800'47e0   0x48c  usbd_ctlreq.o [6]
  .text              ro code   0x800'4c6c     0x6  ABImemclr4.o [16]
  .text              ro code   0x800'4c72   0x2e4  usbd_core.o [6]
  .text              ro code   0x800'4f56     0x2  stm32u5xx_hal_adc.o [8]
  .text              ro code   0x800'4f58   0x144  main.o [5]
  .text              ro code   0x800'509c   0x8bc  stm32u5xx_hal_pcd.o [8]
  .text              ro code   0x800'5958    0x70  stm32u5xx_hal_pcd_ex.o [8]
  .text              ro code   0x800'59c8    0x32  ABImemset48.o [16]
  .text              ro code   0x800'59fa     0x2  stm32u5xx_hal_adc.o [8]
  .text              ro code   0x800'59fc    0x58  stm32u5xx_hal.o [8]
  .text              ro code   0x800'5a54    0x38  stm32u5xx_hal_icache.o [8]
  .text              ro code   0x800'5a8c    0xc8  usbpd_phy_hw_if.o [10]
  .text              ro code   0x800'5b54    0xe0  usb_device.o [1]
  .text              ro code   0x800'5c34    0x14  usbpd.o [12]
  .text              ro code   0x800'5c48    0xd4  usbpd_dpm_core.o [12]
  .text              ro code   0x800'5d1c   0x8a8  stm32u5xx_ll_usb.o [8]
  .text              ro code   0x800'65c4    0x18  ABImemcpy_small.o [16]
  .text              ro code   0x800'65dc     0x2  stm32u5xx_hal_pcd_ex.o [8]
  .text              ro code   0x800'65de     0x2  stm32u5xx_hal.o [8]
  .text              ro code   0x800'65e0    0x1c  usbpd_pe_lib.o [13]
  .text              ro code   0x800'65fc   0x13c  usbpd_cad.o [13]
  .text              ro code   0x800'6738    0x16  usbpd_dpm_user.o [12]
  .text              ro code   0x800'674e     0x2  stm32u5xx_hal_adc.o [8]
  .text              ro code   0x800'6750    0x4c  no_free_heap0.o [14]
  .text              ro code   0x800'679c     0x6  ABImemclr.o [16]
  .text              ro code   0x800'67a2     0x2  stm32u5xx_hal_adc.o [8]
  .text              ro code   0x800'67a4   0x3a4  usbpd_cad_hw_if.o [10]
  .text              ro code   0x800'6b48    0x70  usbpd_usb_if.o [12]
  .text              ro code   0x800'6bb8    0x2c  xgetmemchunk.o [14]
  .text              ro code   0x800'6be4    0x66  ABImemset.o [16]
  .text              ro code   0x800'6c4a     0x2  stm32u5xx_hal_adc_ex.o [8]
  .text              ro code   0x800'6c4c     0x8  usbpd_hw.o [10]
  .text              ro code   0x800'6c54    0x64  stm32u5xx_ll_ucpd.o [8]
  .text              ro code   0x800'6cb8   0x218  stm32u5xx_nucleo_usbpd_pwr.o [9]
  .text              ro code   0x800'6ed0    0x30  usbpd_pwr_if.o [12]
  .text              ro code   0x800'6f00     0x2  usbpd_trace.o [10]
  .text              ro code   0x800'6f02     0x2  stm32u5xx_hal_adc_ex.o [8]
  .text              ro code   0x800'6f04   0xc64  stm32u5xx_hal_adc.o [8]
  .text              ro code   0x800'7b68    0x14  memset.o [16]
  .text              ro code   0x800'7b7c    0xc4  stm32u5xx_hal_adc_ex.o [8]
  .text              ro code   0x800'7c40     0xe  usbpd_pwr_hw_if.o [10]
  .text              ro code   0x800'7c4e     0x2  stm32u5xx_hal_adc_ex.o [8]
  .text              ro code   0x800'7c50   0x176  usbpd_hw_if_it.o [10]
  .text              ro code   0x800'7dc6     0x2  stm32u5xx_hal_adc_ex.o [8]
  .text              ro code   0x800'7dc8   0x100  usbd_desc.o [1]
  .rodata            const     0x800'7ec8    0x80  stm32u5xx_hal_gpio.o [8]
  .text              ro code   0x800'7f48    0x5c  system_stm32u5xx.o [3]
  .rodata            const     0x800'7fa4    0x40  system_stm32u5xx.o [3]
  .text              ro code   0x800'7fe4    0x40  stm32u5xx_it.o [5]
  .text              ro code   0x800'8024    0x10  stm32u5xx_hal.o [8]
  .text              ro code   0x800'8034    0x38  zero_init3.o [16]
  .text              ro code   0x800'806c    0x28  data_init.o [16]
  .text              ro code   0x800'8094    0x22  fpinit_M.o [15]
  .iar.init_table    const     0x800'80b8    0x20  - Linker created -
  .text              ro code   0x800'80d8     0x2  stm32u5xx_hal_adc_ex.o [8]
  .text              ro code   0x800'80dc    0x1e  cmain.o [16]
  .text              ro code   0x800'80fa     0x4  low_level_init.o [14]
  .text              ro code   0x800'80fe     0x4  exit.o [14]
  .text              ro code   0x800'8104     0xa  cexit.o [16]
  .text              ro code   0x800'8110    0x14  exit.o [17]
  .text              ro code   0x800'8124    0x1c  cstartup_M.o [16]
  .text              ro code   0x800'8140    0x10  startup_stm32u575xx.o [7]
  .rodata            const     0x800'8150     0x8  system_stm32u5xx.o [3]
  .text              ro code   0x800'8158     0x4  startup_stm32u575xx.o [7]
  .text              ro code   0x800'815c     0x4  startup_stm32u575xx.o [7]
  .text              ro code   0x800'8160     0x4  startup_stm32u575xx.o [7]
  .text              ro code   0x800'8164     0x4  startup_stm32u575xx.o [7]
  .text              ro code   0x800'8168     0x4  startup_stm32u575xx.o [7]
  .text              ro code   0x800'816c     0x4  startup_stm32u575xx.o [7]
  .text              ro code   0x800'8170     0x4  startup_stm32u575xx.o [7]
  .text              ro code   0x800'8174     0x4  startup_stm32u575xx.o [7]
  .text              ro code   0x800'8178     0x4  startup_stm32u575xx.o [7]
  .text              ro code   0x800'817c     0x4  startup_stm32u575xx.o [7]
  .text              ro code   0x800'8180     0x4  startup_stm32u575xx.o [7]
  .text              ro code   0x800'8184     0x4  startup_stm32u575xx.o [7]
  .text              ro code   0x800'8188     0x4  startup_stm32u575xx.o [7]
  .text              ro code   0x800'818c     0x4  startup_stm32u575xx.o [7]
  .text              ro code   0x800'8190     0x4  startup_stm32u575xx.o [7]
  .text              ro code   0x800'8194     0x4  startup_stm32u575xx.o [7]
  .text              ro code   0x800'8198     0x4  startup_stm32u575xx.o [7]
  .text              ro code   0x800'819c     0x4  startup_stm32u575xx.o [7]
  .text              ro code   0x800'81a0     0x4  startup_stm32u575xx.o [7]
  .text              ro code   0x800'81a4     0x4  startup_stm32u575xx.o [7]
  .text              ro code   0x800'81a8     0x4  startup_stm32u575xx.o [7]
  .text              ro code   0x800'81ac     0x4  startup_stm32u575xx.o [7]
  .text              ro code   0x800'81b0     0x4  startup_stm32u575xx.o [7]
  .text              ro code   0x800'81b4     0x4  startup_stm32u575xx.o [7]
  .text              ro code   0x800'81b8     0x4  startup_stm32u575xx.o [7]
  .text              ro code   0x800'81bc     0x4  startup_stm32u575xx.o [7]
  .text              ro code   0x800'81c0     0x4  startup_stm32u575xx.o [7]
  .text              ro code   0x800'81c4     0x4  startup_stm32u575xx.o [7]
  .text              ro code   0x800'81c8     0x4  startup_stm32u575xx.o [7]
  .text              ro code   0x800'81cc     0x4  startup_stm32u575xx.o [7]
  .text              ro code   0x800'81d0     0x4  startup_stm32u575xx.o [7]
  .text              ro code   0x800'81d4     0x4  startup_stm32u575xx.o [7]
  .text              ro code   0x800'81d8     0x4  startup_stm32u575xx.o [7]
  .text              ro code   0x800'81dc     0x4  startup_stm32u575xx.o [7]
  .text              ro code   0x800'81e0     0x4  startup_stm32u575xx.o [7]
  .text              ro code   0x800'81e4     0x4  startup_stm32u575xx.o [7]
  .text              ro code   0x800'81e8     0x4  startup_stm32u575xx.o [7]
  .text              ro code   0x800'81ec     0x4  startup_stm32u575xx.o [7]
  .text              ro code   0x800'81f0     0x4  startup_stm32u575xx.o [7]
  .text              ro code   0x800'81f4     0x4  startup_stm32u575xx.o [7]
  .text              ro code   0x800'81f8     0x4  startup_stm32u575xx.o [7]
  .text              ro code   0x800'81fc     0x4  startup_stm32u575xx.o [7]
  .text              ro code   0x800'8200     0x4  startup_stm32u575xx.o [7]
  .text              ro code   0x800'8204     0x4  startup_stm32u575xx.o [7]
  .text              ro code   0x800'8208     0x4  startup_stm32u575xx.o [7]
  .text              ro code   0x800'820c     0x4  startup_stm32u575xx.o [7]
  .text              ro code   0x800'8210     0x4  startup_stm32u575xx.o [7]
  .text              ro code   0x800'8214     0x4  startup_stm32u575xx.o [7]
  .text              ro code   0x800'8218     0x4  startup_stm32u575xx.o [7]
  .text              ro code   0x800'821c     0x4  startup_stm32u575xx.o [7]
  .text              ro code   0x800'8220     0x4  startup_stm32u575xx.o [7]
  .text              ro code   0x800'8224     0x4  startup_stm32u575xx.o [7]
  .text              ro code   0x800'8228     0x4  startup_stm32u575xx.o [7]
  .text              ro code   0x800'822c     0x4  startup_stm32u575xx.o [7]
  .text              ro code   0x800'8230     0x4  startup_stm32u575xx.o [7]
  .text              ro code   0x800'8234     0x4  startup_stm32u575xx.o [7]
  .text              ro code   0x800'8238     0x4  startup_stm32u575xx.o [7]
  .text              ro code   0x800'823c     0x4  startup_stm32u575xx.o [7]
  .text              ro code   0x800'8240     0x4  startup_stm32u575xx.o [7]
  .text              ro code   0x800'8244     0x4  startup_stm32u575xx.o [7]
  .text              ro code   0x800'8248     0x4  startup_stm32u575xx.o [7]
  .text              ro code   0x800'824c     0x4  startup_stm32u575xx.o [7]
  .text              ro code   0x800'8250     0x4  startup_stm32u575xx.o [7]
  .text              ro code   0x800'8254     0x4  startup_stm32u575xx.o [7]
  .text              ro code   0x800'8258     0x4  startup_stm32u575xx.o [7]
  .text              ro code   0x800'825c     0x4  startup_stm32u575xx.o [7]
  .text              ro code   0x800'8260     0x4  startup_stm32u575xx.o [7]
  .text              ro code   0x800'8264     0x4  startup_stm32u575xx.o [7]
  .text              ro code   0x800'8268     0x4  startup_stm32u575xx.o [7]
  .text              ro code   0x800'826c     0x4  startup_stm32u575xx.o [7]
  .text              ro code   0x800'8270     0x4  startup_stm32u575xx.o [7]
  .text              ro code   0x800'8274     0x4  startup_stm32u575xx.o [7]
  .text              ro code   0x800'8278     0x4  startup_stm32u575xx.o [7]
  .text              ro code   0x800'827c     0x4  startup_stm32u575xx.o [7]
  .text              ro code   0x800'8280     0x4  startup_stm32u575xx.o [7]
  .text              ro code   0x800'8284     0x4  startup_stm32u575xx.o [7]
  .text              ro code   0x800'8288     0x4  startup_stm32u575xx.o [7]
  .text              ro code   0x800'828c     0x4  startup_stm32u575xx.o [7]
  .text              ro code   0x800'8290     0x4  startup_stm32u575xx.o [7]
  .text              ro code   0x800'8294     0x4  startup_stm32u575xx.o [7]
  .text              ro code   0x800'8298     0x4  startup_stm32u575xx.o [7]
  .text              ro code   0x800'829c     0x4  startup_stm32u575xx.o [7]
  .text              ro code   0x800'82a0     0x4  startup_stm32u575xx.o [7]
  .text              ro code   0x800'82a4     0x4  startup_stm32u575xx.o [7]
  .text              ro code   0x800'82a8     0x4  startup_stm32u575xx.o [7]
  .text              ro code   0x800'82ac     0x4  startup_stm32u575xx.o [7]
  .text              ro code   0x800'82b0     0x4  startup_stm32u575xx.o [7]
  .text              ro code   0x800'82b4     0x4  startup_stm32u575xx.o [7]
  .text              ro code   0x800'82b8     0x4  startup_stm32u575xx.o [7]
  .text              ro code   0x800'82bc     0x4  startup_stm32u575xx.o [7]
  .text              ro code   0x800'82c0     0x4  startup_stm32u575xx.o [7]
  .text              ro code   0x800'82c4     0x4  startup_stm32u575xx.o [7]
  .text              ro code   0x800'82c8     0x4  startup_stm32u575xx.o [7]
  .text              ro code   0x800'82cc     0x4  startup_stm32u575xx.o [7]
  .text              ro code   0x800'82d0     0x4  startup_stm32u575xx.o [7]
  .text              ro code   0x800'82d4     0x4  startup_stm32u575xx.o [7]
  .text              ro code   0x800'82d8     0x4  startup_stm32u575xx.o [7]
  .text              ro code   0x800'82dc     0x4  startup_stm32u575xx.o [7]
  .text              ro code   0x800'82e0     0x4  startup_stm32u575xx.o [7]
  .text              ro code   0x800'82e4     0x4  startup_stm32u575xx.o [7]
  .text              ro code   0x800'82e8     0x4  startup_stm32u575xx.o [7]
  .text              ro code   0x800'82ec     0x4  startup_stm32u575xx.o [7]
  .text              ro code   0x800'82f0     0x4  startup_stm32u575xx.o [7]
  .text              ro code   0x800'82f4     0x4  startup_stm32u575xx.o [7]
  .text              ro code   0x800'82f8     0x4  startup_stm32u575xx.o [7]
  .text              ro code   0x800'82fc     0x4  startup_stm32u575xx.o [7]
  .text              ro code   0x800'8300     0x4  startup_stm32u575xx.o [7]
  .text              ro code   0x800'8304     0x4  startup_stm32u575xx.o [7]
  .text              ro code   0x800'8308     0x4  startup_stm32u575xx.o [7]
  .text              ro code   0x800'830c     0x4  startup_stm32u575xx.o [7]
  .text              ro code   0x800'8310     0x4  startup_stm32u575xx.o [7]
  .text              ro code   0x800'8314     0x4  startup_stm32u575xx.o [7]
  .text              ro code   0x800'8318     0x4  startup_stm32u575xx.o [7]
  .text              ro code   0x800'831c     0x4  startup_stm32u575xx.o [7]
  .text              ro code   0x800'8320     0x4  startup_stm32u575xx.o [7]
  .text              ro code   0x800'8324     0x4  startup_stm32u575xx.o [7]
  .rodata            const     0x800'8328     0x0  zero_init3.o [16]
  .rodata            const     0x800'8328     0x0  lz77_init_single.o [16]
  Initializer bytes  const     0x800'8328   0x113  <for P2-1>
                             - 0x800'843b  0x8207

"P2", part 1 of 3:                         0x11e4
  P2-1                        0x2000'0000  0x11e4  <Init block>
    .data            inited   0x2000'0000     0xc  stm32u5xx_hal.o [8]
    .data            inited   0x2000'000c     0x4  system_stm32u5xx.o [3]
    .data            inited   0x2000'0010     0xc  usbd_cdc.o [2]
    .data            inited   0x2000'001c    0x38  usbd_cdc.o [2]
    .data            inited   0x2000'0054    0x44  usbd_cdc.o [2]
    .data            inited   0x2000'0098    0x44  usbd_cdc.o [2]
    .data            inited   0x2000'00dc    0x44  usbd_cdc.o [2]
    .data            inited   0x2000'0120  0x1060  usbd_cdc_if.o [1]
    .data            inited   0x2000'1180    0x14  usbd_cdc_if.o [1]
    .data            inited   0x2000'1194    0x1c  usbd_desc.o [1]
    .data            inited   0x2000'11b0    0x14  usbd_desc.o [1]
    .data            inited   0x2000'11c4     0x4  usbd_desc.o [1]
    .data            inited   0x2000'11c8    0x1c  usbd_desc.o [1]
                            - 0x2000'11e4  0x11e4

"P2", part 2 of 3:                          0xd24
  .bss               zero     0x2000'11e4   0x408  usbd_conf.o [11]
  .bss               zero     0x2000'15ec   0x2d0  usb_device.o [1]
  .bss               zero     0x2000'18bc   0x220  usbd_conf.o [11]
  .bss               zero     0x2000'1adc   0x200  usbd_desc.o [1]
  .bss               zero     0x2000'1cdc    0xb8  stm32u5xx_nucleo_usbpd_pwr.o [9]
  .bss               zero     0x2000'1d94    0x90  usbd_cdc_if.o [1]
  .bss               zero     0x2000'1e24    0x78  stm32u5xx_hal_msp.o [5]
  .bss               zero     0x2000'1e9c    0x38  usbpd_phy_hw_if.o [10]
  .bss               zero     0x2000'1ed4    0x10  usbpd_dpm_core.o [12]
  .bss               zero     0x2000'1ee4     0xc  usbpd_cad_hw_if.o [10]
  .bss               zero     0x2000'1ef0     0x8  usbpd_cad.o [13]
  .bss               zero     0x2000'1ef8     0x4  usbpd_dpm_core.o [12]
  .bss               zero     0x2000'1efc     0x4  no_free_heap0.o [14]
  .bss               zero     0x2000'1f00     0x4  xgetmemchunk.o [14]
  .bss               zero     0x2000'1f04     0x1  usbd_ctlreq.o [6]
  .bss               zero     0x2000'1f05     0x1  usbpd_hw_if_it.o [10]
                            - 0x2000'1f06   0xd22

"P2", part 3 of 3:                          0x600
  CSTACK                      0x2000'1f08   0x400  <Block>
    CSTACK           uninit   0x2000'1f08   0x400  <Block tail>
  HEAP                        0x2000'2308   0x200  <Block>
    HEAP             uninit   0x2000'2308   0x200  <Block tail>
                            - 0x2000'2508   0x600

Unused ranges:

         From           To       Size
         ----           --       ----
   0x800'843b   0x81f'ffff  0x1f'7bc5
  0x2000'2508  0x200b'ffff   0xb'daf8


*******************************************************************************
*** INIT TABLE
***

          Address      Size
          -------      ----
Zero (__iar_zero_init3)
    1 destination range, total size 0xd22:
          0x2000'11e4   0xd22

Copy/lz77 (__iar_lz77_init_single3)
    1 source range, total size 0x113 (6% of destination):
           0x800'8328   0x113
    1 destination range, total size 0x11e4:
          0x2000'0000  0x11e4



*******************************************************************************
*** MODULE SUMMARY
***

    Module                        ro code  ro data  rw data
    ------                        -------  -------  -------
command line/config:
    -------------------------------------------------------
    Total:

C:\Users\Irdatlanka\Documents\GitHub\stm32u5-classic-coremw-apps\Projects\NUCLEO-U575ZI-Q\Applications\USB_Device\CDC_Standalone\EWARM\NUCLEO-U575ZI-Q\Obj\App_6612947199827748718.dir: [1]
    usb_device.o                      224               720
    usbd_cdc_if.o                     486      253    4'356
    usbd_desc.o                       256        5      592
    -------------------------------------------------------
    Total:                            966      258    5'668

C:\Users\Irdatlanka\Documents\GitHub\stm32u5-classic-coremw-apps\Projects\NUCLEO-U575ZI-Q\Applications\USB_Device\CDC_Standalone\EWARM\NUCLEO-U575ZI-Q\Obj\CDC_16681379477064853705.dir: [2]
    usbd_cdc.o                        776       17      272
    -------------------------------------------------------
    Total:                            776       17      272

C:\Users\Irdatlanka\Documents\GitHub\stm32u5-classic-coremw-apps\Projects\NUCLEO-U575ZI-Q\Applications\USB_Device\CDC_Standalone\EWARM\NUCLEO-U575ZI-Q\Obj\CMSIS_6603591812247902717.dir: [3]
    system_stm32u5xx.o                 92       72        4
    -------------------------------------------------------
    Total:                             92       72        4

C:\Users\Irdatlanka\Documents\GitHub\stm32u5-classic-coremw-apps\Projects\NUCLEO-U575ZI-Q\Applications\USB_Device\CDC_Standalone\EWARM\NUCLEO-U575ZI-Q\Obj\Components_1361118596739929299.dir: [4]
    -------------------------------------------------------
    Total:

C:\Users\Irdatlanka\Documents\GitHub\stm32u5-classic-coremw-apps\Projects\NUCLEO-U575ZI-Q\Applications\USB_Device\CDC_Standalone\EWARM\NUCLEO-U575ZI-Q\Obj\Core_13247989168731456611.dir: [5]
    main.o                            324
    stm32u5xx_hal_msp.o               356               120
    stm32u5xx_it.o                     64
    -------------------------------------------------------
    Total:                            744               120

C:\Users\Irdatlanka\Documents\GitHub\stm32u5-classic-coremw-apps\Projects\NUCLEO-U575ZI-Q\Applications\USB_Device\CDC_Standalone\EWARM\NUCLEO-U575ZI-Q\Obj\Core_9232119672538125435.dir: [6]
    usbd_core.o                       740
    usbd_ctlreq.o                   1'164                 1
    usbd_ioreq.o                      100
    -------------------------------------------------------
    Total:                          2'004                 1

C:\Users\Irdatlanka\Documents\GitHub\stm32u5-classic-coremw-apps\Projects\NUCLEO-U575ZI-Q\Applications\USB_Device\CDC_Standalone\EWARM\NUCLEO-U575ZI-Q\Obj\EWARM_18443280873093131863.dir: [7]
    startup_stm32u575xx.o           1'044
    -------------------------------------------------------
    Total:                          1'044

C:\Users\Irdatlanka\Documents\GitHub\stm32u5-classic-coremw-apps\Projects\NUCLEO-U575ZI-Q\Applications\USB_Device\CDC_Standalone\EWARM\NUCLEO-U575ZI-Q\Obj\STM32U5xx_HAL_Driver_18077472236357910042.dir: [8]
    stm32u5xx_hal.o                   186                12
    stm32u5xx_hal_adc.o             3'182
    stm32u5xx_hal_adc_ex.o            206
    stm32u5xx_hal_cortex.o            232
    stm32u5xx_hal_dma.o             1'504
    stm32u5xx_hal_dma_ex.o            236
    stm32u5xx_hal_gpio.o              852      128
    stm32u5xx_hal_icache.o             56
    stm32u5xx_hal_pcd.o             2'236
    stm32u5xx_hal_pcd_ex.o            114
    stm32u5xx_hal_pwr_ex.o            196
    stm32u5xx_hal_rcc.o             3'154
    stm32u5xx_hal_rcc_ex.o          3'992
    stm32u5xx_hal_tim.o             1'150
    stm32u5xx_hal_tim_ex.o             14
    stm32u5xx_hal_uart.o            3'740
    stm32u5xx_hal_uart_ex.o             4
    stm32u5xx_ll_ucpd.o               100
    stm32u5xx_ll_usb.o              2'216
    -------------------------------------------------------
    Total:                         23'370      128       12

C:\Users\Irdatlanka\Documents\GitHub\stm32u5-classic-coremw-apps\Projects\NUCLEO-U575ZI-Q\Applications\USB_Device\CDC_Standalone\EWARM\NUCLEO-U575ZI-Q\Obj\STM32U5xx_Nucleo_17360961038387864367.dir: [9]
    stm32u5xx_nucleo_usbpd_pwr.o      536               184
    -------------------------------------------------------
    Total:                            536               184

C:\Users\Irdatlanka\Documents\GitHub\stm32u5-classic-coremw-apps\Projects\NUCLEO-U575ZI-Q\Applications\USB_Device\CDC_Standalone\EWARM\NUCLEO-U575ZI-Q\Obj\STM32_USBPD_Library_10637878860516305910.dir: [10]
    usbpd_cad_hw_if.o                 932                12
    usbpd_hw.o                          8
    usbpd_hw_if_it.o                  374                 1
    usbpd_phy_hw_if.o                 200                56
    usbpd_pwr_hw_if.o                  14
    usbpd_trace.o                       2
    -------------------------------------------------------
    Total:                          1'530                69

C:\Users\Irdatlanka\Documents\GitHub\stm32u5-classic-coremw-apps\Projects\NUCLEO-U575ZI-Q\Applications\USB_Device\CDC_Standalone\EWARM\NUCLEO-U575ZI-Q\Obj\Target_14167004246567845465.dir: [11]
    usbd_conf.o                       572             1'576
    -------------------------------------------------------
    Total:                            572             1'576

C:\Users\Irdatlanka\Documents\GitHub\stm32u5-classic-coremw-apps\Projects\NUCLEO-U575ZI-Q\Applications\USB_Device\CDC_Standalone\EWARM\NUCLEO-U575ZI-Q\Obj\USB-PD_16088497327023206971.dir: [12]
    usbpd.o                            20
    usbpd_dpm_core.o                  212                20
    usbpd_dpm_user.o                   22
    usbpd_pwr_if.o                     48
    usbpd_usb_if.o                    112
    -------------------------------------------------------
    Total:                            414                20

USBPDCORE_NOPD_CM0PLUS_wc32.a: [13]
    usbpd_cad.o                       316                 8
    usbpd_pe_lib.o                     28
    -------------------------------------------------------
    Total:                            344                 8

dl7M_tlf.a: [14]
    exit.o                              4
    low_level_init.o                    4
    no_free_heap0.o                    76                 4
    xgetmemchunk.o                     44                 4
    -------------------------------------------------------
    Total:                            128                 8

m7M_tls.a: [15]
    fpinit_M.o                         34
    -------------------------------------------------------
    Total:                             34

rt7M_tl.a: [16]
    ABImemclr.o                         6
    ABImemclr4.o                        6
    ABImemcpy_small.o                  24
    ABImemset.o                       102
    ABImemset48.o                      50
    I64DivMod_small.o                 262
    I64DivZer.o                         2
    cexit.o                            10
    cmain.o                            30
    cstartup_M.o                       28
    data_init.o                        40
    lz77_init_single.o                126
    memset.o                           20
    zero_init3.o                       56
    -------------------------------------------------------
    Total:                            762

shb_l.a: [17]
    exit.o                             20
    -------------------------------------------------------
    Total:                             20

    Gaps                                6        2
    Linker created                              32    1'536
-----------------------------------------------------------
    Grand Total:                   33'342      509    9'478


*******************************************************************************
*** ENTRY LIST
***

Entry                       Address   Size  Type      Object
-----                       -------   ----  ----      ------
.iar.init_table$$Base    0x800'80b8          --   Gb  - Linker created -
.iar.init_table$$Limit   0x800'80d8          --   Gb  - Linker created -
?main                    0x800'80dd         Code  Gb  cmain.o [16]
ADC1_IRQHandler          0x800'81e9         Code  Wk  startup_stm32u575xx.o [7]
ADC4_IRQHandler          0x800'82f9         Code  Wk  startup_stm32u575xx.o [7]
ADC_Disable              0x800'7a95   0x6a  Code  Gb  stm32u5xx_hal_adc.o [8]
ADC_Enable               0x800'7a2d   0x68  Code  Gb  stm32u5xx_hal_adc.o [8]
ADF1_IRQHandler          0x800'82f5         Code  Wk  startup_stm32u575xx.o [7]
AHBPrescTable            0x800'7f94   0x10  Data  Gb  system_stm32u5xx.o [3]
APBPrescTable            0x800'8150    0x8  Data  Gb  system_stm32u5xx.o [3]
BSP_USBPD_PWR_Init       0x800'6d01   0x42  Code  Gb  stm32u5xx_nucleo_usbpd_pwr.o [9]
BSP_USBPD_PWR_VBUSDeInit
                         0x800'6e19   0x4e  Code  Gb  stm32u5xx_nucleo_usbpd_pwr.o [9]
BSP_USBPD_PWR_VBUSGetVoltage
                         0x800'6e67   0x40  Code  Gb  stm32u5xx_nucleo_usbpd_pwr.o [9]
BSP_USBPD_PWR_VBUSInit   0x800'6d43   0xd6  Code  Gb  stm32u5xx_nucleo_usbpd_pwr.o [9]
BusFault_Handler         0x800'7feb    0x2  Code  Gb  stm32u5xx_it.o [5]
CAD_Check_HW_SNK         0x800'6aaf   0x7a  Code  Lc  usbpd_cad_hw_if.o [10]
CAD_HW_Handles          0x2000'1ee4    0xc  Data  Lc  usbpd_cad_hw_if.o [10]
CAD_Handles             0x2000'1ef0    0x8  Data  Lc  usbpd_cad.o [13]
CAD_Init                 0x800'67ef   0xf0  Code  Gb  usbpd_cad_hw_if.o [10]
CAD_StateMachine         0x800'6a51   0x5e  Code  Gb  usbpd_cad_hw_if.o [10]
CAD_StateMachine_SNK     0x800'68e1  0x162  Code  Lc  usbpd_cad_hw_if.o [10]
CDC_Desc                0x2000'1194   0x1c  Data  Gb  usbd_desc.o [1]
CDC_Itf_Control          0x800'37f5   0xc0  Code  Lc  usbd_cdc_if.o [1]
CDC_Itf_DeInit           0x800'37e9    0xc  Code  Lc  usbd_cdc_if.o [1]
CDC_Itf_Init             0x800'3761   0x88  Code  Lc  usbd_cdc_if.o [1]
CDC_Itf_Receive          0x800'390f   0x12  Code  Lc  usbd_cdc_if.o [1]
CDC_TransmitCplt         0x800'3921    0x4  Code  Lc  usbd_cdc_if.o [1]
COMP_IRQHandler          0x800'826d         Code  Wk  startup_stm32u575xx.o [7]
CORDIC_IRQHandler        0x800'8321         Code  Wk  startup_stm32u575xx.o [7]
CRS_IRQHandler           0x800'8271         Code  Wk  startup_stm32u575xx.o [7]
CSTACK$$Base            0x2000'1f08          --   Gb  - Linker created -
CSTACK$$Limit           0x2000'2308          --   Gb  - Linker created -
DAC1_IRQHandler          0x800'81ed         Code  Wk  startup_stm32u575xx.o [7]
DCACHE1_IRQHandler       0x800'82f1         Code  Wk  startup_stm32u575xx.o [7]
DCMI_PSSI_IRQHandler     0x800'8311         Code  Wk  startup_stm32u575xx.o [7]
DMA2D_IRQHandler         0x800'830d         Code  Wk  startup_stm32u575xx.o [7]
DMA_List_GetCLLRNodeInfo
                         0x800'3155   0x22  Code  Lc  stm32u5xx_hal_dma_ex.o [8]
DMA_SetConfig            0x800'3749   0x18  Code  Lc  stm32u5xx_hal_dma.o [8]
DPM_Params              0x2000'1ef8    0x4  Data  Gb  usbpd_dpm_core.o [12]
DPM_Settings             0x800'5d10    0x4  Data  Gb  usbpd_dpm_core.o [12]
DPM_Sleep_start         0x2000'1edc    0x8  Data  Lc  usbpd_dpm_core.o [12]
DPM_Sleep_time          0x2000'1ed4    0x8  Data  Lc  usbpd_dpm_core.o [12]
DebugMon_Handler         0x800'7ff1    0x2  Code  Gb  stm32u5xx_it.o [5]
EXTI0_IRQHandler         0x800'8189         Code  Wk  startup_stm32u575xx.o [7]
EXTI10_IRQHandler        0x800'81b1         Code  Wk  startup_stm32u575xx.o [7]
EXTI11_IRQHandler        0x800'81b5         Code  Wk  startup_stm32u575xx.o [7]
EXTI12_IRQHandler        0x800'81b9         Code  Wk  startup_stm32u575xx.o [7]
EXTI13_IRQHandler        0x800'81bd         Code  Wk  startup_stm32u575xx.o [7]
EXTI14_IRQHandler        0x800'81c1         Code  Wk  startup_stm32u575xx.o [7]
EXTI15_IRQHandler        0x800'81c5         Code  Wk  startup_stm32u575xx.o [7]
EXTI1_IRQHandler         0x800'818d         Code  Wk  startup_stm32u575xx.o [7]
EXTI2_IRQHandler         0x800'8191         Code  Wk  startup_stm32u575xx.o [7]
EXTI3_IRQHandler         0x800'8195         Code  Wk  startup_stm32u575xx.o [7]
EXTI4_IRQHandler         0x800'8199         Code  Wk  startup_stm32u575xx.o [7]
EXTI5_IRQHandler         0x800'819d         Code  Wk  startup_stm32u575xx.o [7]
EXTI6_IRQHandler         0x800'81a1         Code  Wk  startup_stm32u575xx.o [7]
EXTI7_IRQHandler         0x800'81a5         Code  Wk  startup_stm32u575xx.o [7]
EXTI8_IRQHandler         0x800'81a9         Code  Wk  startup_stm32u575xx.o [7]
EXTI9_IRQHandler         0x800'81ad         Code  Wk  startup_stm32u575xx.o [7]
Error_Handler            0x800'5083    0xe  Code  Gb  main.o [5]
FDCAN1_IT0_IRQHandler    0x800'81f1         Code  Wk  startup_stm32u575xx.o [7]
FDCAN1_IT1_IRQHandler    0x800'81f5         Code  Wk  startup_stm32u575xx.o [7]
FLASH_IRQHandler         0x800'8175         Code  Wk  startup_stm32u575xx.o [7]
FLASH_S_IRQHandler       0x800'8179         Code  Wk  startup_stm32u575xx.o [7]
FMAC_IRQHandler          0x800'8325         Code  Wk  startup_stm32u575xx.o [7]
FMC_IRQHandler           0x800'8275         Code  Wk  startup_stm32u575xx.o [7]
FPU_IRQHandler           0x800'82c1         Code  Wk  startup_stm32u575xx.o [7]
GPDMA1_Channel0_IRQHandler
                         0x800'8003    0x8  Code  Gb  stm32u5xx_it.o [5]
GPDMA1_Channel10_IRQHandler
                         0x800'8291         Code  Wk  startup_stm32u575xx.o [7]
GPDMA1_Channel11_IRQHandler
                         0x800'8295         Code  Wk  startup_stm32u575xx.o [7]
GPDMA1_Channel12_IRQHandler
                         0x800'8299         Code  Wk  startup_stm32u575xx.o [7]
GPDMA1_Channel13_IRQHandler
                         0x800'829d         Code  Wk  startup_stm32u575xx.o [7]
GPDMA1_Channel14_IRQHandler
                         0x800'82a1         Code  Wk  startup_stm32u575xx.o [7]
GPDMA1_Channel15_IRQHandler
                         0x800'82a5         Code  Wk  startup_stm32u575xx.o [7]
GPDMA1_Channel1_IRQHandler
                         0x800'81cd         Code  Wk  startup_stm32u575xx.o [7]
GPDMA1_Channel2_IRQHandler
                         0x800'81d1         Code  Wk  startup_stm32u575xx.o [7]
GPDMA1_Channel3_IRQHandler
                         0x800'81d5         Code  Wk  startup_stm32u575xx.o [7]
GPDMA1_Channel4_IRQHandler
                         0x800'81d9         Code  Wk  startup_stm32u575xx.o [7]
GPDMA1_Channel5_IRQHandler
                         0x800'81dd         Code  Wk  startup_stm32u575xx.o [7]
GPDMA1_Channel6_IRQHandler
                         0x800'81e1         Code  Wk  startup_stm32u575xx.o [7]
GPDMA1_Channel7_IRQHandler
                         0x800'81e5         Code  Wk  startup_stm32u575xx.o [7]
GPDMA1_Channel8_IRQHandler
                         0x800'8289         Code  Wk  startup_stm32u575xx.o [7]
GPDMA1_Channel9_IRQHandler
                         0x800'828d         Code  Wk  startup_stm32u575xx.o [7]
GTZC_IRQHandler          0x800'817d         Code  Wk  startup_stm32u575xx.o [7]
HAL_ADCEx_Calibration_Start
                         0x800'7b7d   0xa8  Code  Gb  stm32u5xx_hal_adc_ex.o [8]
HAL_ADCEx_EndOfSamplingCallback
                         0x800'80d9    0x2  Code  Wk  stm32u5xx_hal_adc_ex.o [8]
HAL_ADCEx_InjectedConvCpltCallback
                         0x800'6c4b    0x2  Code  Wk  stm32u5xx_hal_adc_ex.o [8]
HAL_ADCEx_InjectedQueueOverflowCallback
                         0x800'6f03    0x2  Code  Wk  stm32u5xx_hal_adc_ex.o [8]
HAL_ADCEx_LevelOutOfWindow2Callback
                         0x800'7c4f    0x2  Code  Wk  stm32u5xx_hal_adc_ex.o [8]
HAL_ADCEx_LevelOutOfWindow3Callback
                         0x800'7dc7    0x2  Code  Wk  stm32u5xx_hal_adc_ex.o [8]
HAL_ADC_ConfigChannel    0x800'74c9  0x4e0  Code  Gb  stm32u5xx_hal_adc.o [8]
HAL_ADC_ConvCpltCallback
                         0x800'4f57    0x2  Code  Wk  stm32u5xx_hal_adc.o [8]
HAL_ADC_ConvHalfCpltCallback
                         0x800'59fb    0x2  Code  Wk  stm32u5xx_hal_adc.o [8]
HAL_ADC_ErrorCallback    0x800'67a3    0x2  Code  Wk  stm32u5xx_hal_adc.o [8]
HAL_ADC_Init             0x800'6fdb  0x3c6  Code  Gb  stm32u5xx_hal_adc.o [8]
HAL_ADC_LevelOutOfWindowCallback
                         0x800'674f    0x2  Code  Wk  stm32u5xx_hal_adc.o [8]
HAL_ADC_MspInit          0x800'453f    0x2  Code  Wk  stm32u5xx_hal_adc.o [8]
HAL_ADC_Start            0x800'73bb   0x7c  Code  Gb  stm32u5xx_hal_adc.o [8]
HAL_DMAEx_List_Start_IT
                         0x800'3095   0x7c  Code  Gb  stm32u5xx_hal_dma_ex.o [8]
HAL_DMA_Abort            0x800'350b   0x84  Code  Gb  stm32u5xx_hal_dma.o [8]
HAL_DMA_Abort_IT         0x800'358f   0x2a  Code  Gb  stm32u5xx_hal_dma.o [8]
HAL_DMA_IRQHandler       0x800'35b9  0x170  Code  Gb  stm32u5xx_hal_dma.o [8]
HAL_DMA_Init             0x800'3181  0x298  Code  Gb  stm32u5xx_hal_dma.o [8]
HAL_DMA_Start_IT         0x800'349d   0x60  Code  Gb  stm32u5xx_hal_dma.o [8]
HAL_Delay                0x800'472d   0x1c  Code  Gb  usbd_conf.o [11]
HAL_GPIO_DeInit          0x800'3c6d  0x114  Code  Gb  stm32u5xx_hal_gpio.o [8]
HAL_GPIO_Init            0x800'3a55  0x20c  Code  Gb  stm32u5xx_hal_gpio.o [8]
HAL_GPIO_WritePin        0x800'3d81    0xa  Code  Gb  stm32u5xx_hal_gpio.o [8]
HAL_GetREVID             0x800'5a39    0x8  Code  Gb  stm32u5xx_hal.o [8]
HAL_GetTick              0x800'11cd    0xc  Code  Wk  stm32u5xx_hal.o [8]
HAL_ICACHE_ConfigAssociativityMode
                         0x800'5a55   0x18  Code  Gb  stm32u5xx_hal_icache.o [8]
HAL_ICACHE_Enable        0x800'5a6d    0xe  Code  Gb  stm32u5xx_hal_icache.o [8]
HAL_IncTick              0x800'8025   0x10  Code  Wk  stm32u5xx_hal.o [8]
HAL_Init                 0x800'59fd   0x3c  Code  Gb  stm32u5xx_hal.o [8]
HAL_InitTick             0x800'1ea9   0x44  Code  Wk  stm32u5xx_hal.o [8]
HAL_MspInit              0x800'65df    0x2  Code  Wk  stm32u5xx_hal.o [8]
HAL_NVIC_DisableIRQ      0x800'2037   0x1e  Code  Gb  stm32u5xx_hal_cortex.o [8]
HAL_NVIC_EnableIRQ       0x800'2021   0x16  Code  Gb  stm32u5xx_hal_cortex.o [8]
HAL_NVIC_SetPriority     0x800'1fe5   0x3a  Code  Gb  stm32u5xx_hal_cortex.o [8]
HAL_NVIC_SetPriorityGrouping
                         0x800'1fcb   0x1a  Code  Gb  stm32u5xx_hal_cortex.o [8]
HAL_PCDEx_ActivateLPM    0x800'59a3   0x26  Code  Gb  stm32u5xx_hal_pcd_ex.o [8]
HAL_PCDEx_LPM_Callback   0x800'65dd    0x2  Code  Wk  stm32u5xx_hal_pcd_ex.o [8]
HAL_PCDEx_SetRxFiFo      0x800'599b    0x8  Code  Gb  stm32u5xx_hal_pcd_ex.o [8]
HAL_PCDEx_SetTxFiFo      0x800'5959   0x42  Code  Gb  stm32u5xx_hal_pcd_ex.o [8]
HAL_PCD_ConnectCallback
                         0x800'4623    0x8  Code  Gb  usbd_conf.o [11]
HAL_PCD_DataInStageCallback
                         0x800'45c5   0x12  Code  Gb  usbd_conf.o [11]
HAL_PCD_DataOutStageCallback
                         0x800'45b1   0x14  Code  Gb  usbd_conf.o [11]
HAL_PCD_DisconnectCallback
                         0x800'462b    0x8  Code  Gb  usbd_conf.o [11]
HAL_PCD_EP_Close         0x800'57f3   0x20  Code  Gb  stm32u5xx_hal_pcd.o [8]
HAL_PCD_EP_ClrStall      0x800'58f5   0x2e  Code  Gb  stm32u5xx_hal_pcd.o [8]
HAL_PCD_EP_GetRxCount    0x800'582d   0x10  Code  Gb  stm32u5xx_hal_pcd.o [8]
HAL_PCD_EP_Open          0x800'579d   0x56  Code  Gb  stm32u5xx_hal_pcd.o [8]
HAL_PCD_EP_Receive       0x800'5813   0x1a  Code  Gb  stm32u5xx_hal_pcd.o [8]
HAL_PCD_EP_SetStall      0x800'588b   0x62  Code  Gb  stm32u5xx_hal_pcd.o [8]
HAL_PCD_EP_Transmit      0x800'583d   0x16  Code  Gb  stm32u5xx_hal_pcd.o [8]
HAL_PCD_IRQHandler       0x800'51b9  0x55e  Code  Gb  stm32u5xx_hal_pcd.o [8]
HAL_PCD_ISOINIncompleteCallback
                         0x800'461b    0x8  Code  Gb  usbd_conf.o [11]
HAL_PCD_ISOOUTIncompleteCallback
                         0x800'4613    0x8  Code  Gb  usbd_conf.o [11]
HAL_PCD_Init             0x800'509d   0xc8  Code  Gb  stm32u5xx_hal_pcd.o [8]
HAL_PCD_MspInit          0x800'4541   0x64  Code  Gb  usbd_conf.o [11]
HAL_PCD_ResetCallback    0x800'45df   0x24  Code  Gb  usbd_conf.o [11]
HAL_PCD_ResumeCallback   0x800'460b    0x8  Code  Gb  usbd_conf.o [11]
HAL_PCD_SOFCallback      0x800'45d7    0x8  Code  Gb  usbd_conf.o [11]
HAL_PCD_SetAddress       0x800'577b   0x22  Code  Gb  stm32u5xx_hal_pcd.o [8]
HAL_PCD_SetupStageCallback
                         0x800'45a5    0xc  Code  Gb  usbd_conf.o [11]
HAL_PCD_Start            0x800'517b   0x18  Code  Gb  stm32u5xx_hal_pcd.o [8]
HAL_PCD_Stop             0x800'5193   0x26  Code  Gb  stm32u5xx_hal_pcd.o [8]
HAL_PCD_SuspendCallback
                         0x800'4603    0x8  Code  Gb  usbd_conf.o [11]
HAL_PWREx_ControlVoltageScaling
                         0x800'1eed   0x68  Code  Gb  stm32u5xx_hal_pwr_ex.o [8]
HAL_PWREx_DisableUCPDDeadBattery
                         0x800'1f8b    0x6  Code  Gb  stm32u5xx_hal_pwr_ex.o [8]
HAL_PWREx_EnableVddA     0x800'1f7d    0xe  Code  Gb  stm32u5xx_hal_pwr_ex.o [8]
HAL_PWREx_EnableVddIO2   0x800'1f6f    0xe  Code  Gb  stm32u5xx_hal_pwr_ex.o [8]
HAL_PWREx_EnableVddUSB   0x800'1f61    0xe  Code  Gb  stm32u5xx_hal_pwr_ex.o [8]
HAL_PWREx_GetVoltageRange
                         0x800'1f55    0xc  Code  Gb  stm32u5xx_hal_pwr_ex.o [8]
HAL_RCCEx_CRSConfig      0x800'0fdd   0x48  Code  Gb  stm32u5xx_hal_rcc_ex.o [8]
HAL_RCCEx_GetPLL1ClockFreq
                         0x800'06e9   0x9a  Code  Gb  stm32u5xx_hal_rcc_ex.o [8]
HAL_RCCEx_GetPLL2ClockFreq
                         0x800'0785   0x98  Code  Gb  stm32u5xx_hal_rcc_ex.o [8]
HAL_RCCEx_GetPLL3ClockFreq
                         0x800'0905   0x9a  Code  Gb  stm32u5xx_hal_rcc_ex.o [8]
HAL_RCCEx_GetPeriphCLKFreq
                         0x800'09b9  0x610  Code  Gb  stm32u5xx_hal_rcc_ex.o [8]
HAL_RCCEx_PeriphCLKConfig
                         0x800'0235  0x49c  Code  Gb  stm32u5xx_hal_rcc_ex.o [8]
HAL_RCC_ClockConfig      0x800'1a39  0x1a0  Code  Gb  stm32u5xx_hal_rcc.o [8]
HAL_RCC_DeInit           0x800'11d9  0x152  Code  Gb  stm32u5xx_hal_rcc.o [8]
HAL_RCC_GetHCLKFreq      0x800'1cd1   0x1a  Code  Gb  stm32u5xx_hal_rcc.o [8]
HAL_RCC_GetPCLK1Freq     0x800'1ceb    0xa  Code  Gb  stm32u5xx_hal_rcc.o [8]
HAL_RCC_GetPCLK2Freq     0x800'1cf9   0x12  Code  Gb  stm32u5xx_hal_rcc.o [8]
HAL_RCC_GetPCLK3Freq     0x800'1d11    0x8  Code  Gb  stm32u5xx_hal_rcc.o [8]
HAL_RCC_GetSysClockFreq
                         0x800'1be1   0xf0  Code  Gb  stm32u5xx_hal_rcc.o [8]
HAL_RCC_OscConfig        0x800'133d  0x660  Code  Gb  stm32u5xx_hal_rcc.o [8]
HAL_SYSTICK_Config       0x800'2055   0x22  Code  Gb  stm32u5xx_hal_cortex.o [8]
HAL_TIMEx_Break2Callback
                         0x800'452f    0x2  Code  Wk  stm32u5xx_hal_tim_ex.o [8]
HAL_TIMEx_BreakCallback
                         0x800'452d    0x2  Code  Wk  stm32u5xx_hal_tim_ex.o [8]
HAL_TIMEx_CommutCallback
                         0x800'4533    0x2  Code  Wk  stm32u5xx_hal_tim_ex.o [8]
HAL_TIMEx_DirectionChangeCallback
                         0x800'4537    0x2  Code  Wk  stm32u5xx_hal_tim_ex.o [8]
HAL_TIMEx_EncoderIndexCallback
                         0x800'4535    0x2  Code  Wk  stm32u5xx_hal_tim_ex.o [8]
HAL_TIMEx_IndexErrorCallback
                         0x800'4539    0x2  Code  Wk  stm32u5xx_hal_tim_ex.o [8]
HAL_TIMEx_TransitionErrorCallback
                         0x800'453b    0x2  Code  Wk  stm32u5xx_hal_tim_ex.o [8]
HAL_TIM_Base_Init        0x800'3da9   0x1a  Code  Gb  stm32u5xx_hal_tim.o [8]
HAL_TIM_Base_MspInit     0x800'4527    0x2  Code  Wk  stm32u5xx_hal_tim.o [8]
HAL_TIM_Base_Start_IT    0x800'3dc3   0xac  Code  Gb  stm32u5xx_hal_tim.o [8]
HAL_TIM_IC_CaptureCallback
                         0x800'4529    0x2  Code  Wk  stm32u5xx_hal_tim.o [8]
HAL_TIM_IRQHandler       0x800'3ed9  0x1c4  Code  Gb  stm32u5xx_hal_tim.o [8]
HAL_TIM_OC_DelayElapsedCallback
                         0x800'452b    0x2  Code  Wk  stm32u5xx_hal_tim.o [8]
HAL_TIM_PWM_PulseFinishedCallback
                         0x800'453d    0x2  Code  Wk  stm32u5xx_hal_tim.o [8]
HAL_TIM_PeriodElapsedCallback
                         0x800'38b5   0x3e  Code  Gb  usbd_cdc_if.o [1]
HAL_TIM_TriggerCallback
                         0x800'4531    0x2  Code  Wk  stm32u5xx_hal_tim.o [8]
HAL_UARTEx_RxEventCallback
                         0x800'3947    0x2  Code  Wk  stm32u5xx_hal_uart.o [8]
HAL_UARTEx_RxFifoFullCallback
                         0x800'394b    0x2  Code  Wk  stm32u5xx_hal_uart_ex.o [8]
HAL_UARTEx_TxFifoEmptyCallback
                         0x800'3949    0x2  Code  Wk  stm32u5xx_hal_uart_ex.o [8]
HAL_UART_DeInit          0x800'2119   0x42  Code  Gb  stm32u5xx_hal_uart.o [8]
HAL_UART_ErrorCallback   0x800'3945    0x2  Code  Gb  usbd_cdc_if.o [1]
HAL_UART_IRQHandler      0x800'22b9  0x290  Code  Gb  stm32u5xx_hal_uart.o [8]
HAL_UART_Init            0x800'2099   0x30  Code  Gb  stm32u5xx_hal_uart.o [8]
HAL_UART_MspDeInit       0x800'303f   0x42  Code  Gb  stm32u5xx_hal_msp.o [5]
HAL_UART_MspInit         0x800'2f31  0x10e  Code  Gb  stm32u5xx_hal_msp.o [5]
HAL_UART_MspInit::hdma_tx
                        0x2000'1e24   0x78  Data  Lc  stm32u5xx_hal_msp.o [5]
HAL_UART_Receive_IT      0x800'215b   0x34  Code  Gb  stm32u5xx_hal_uart.o [8]
HAL_UART_RxCpltCallback
                         0x800'38f3   0x1c  Code  Gb  usbd_cdc_if.o [1]
HAL_UART_Transmit_DMA    0x800'218f   0xce  Code  Gb  stm32u5xx_hal_uart.o [8]
HAL_UART_TxCpltCallback
                         0x800'3925    0x6  Code  Gb  usbd_cdc_if.o [1]
HAL_UART_TxHalfCpltCallback
                         0x800'3a53    0x2  Code  Wk  stm32u5xx_hal_uart.o [8]
HASH_IRQHandler          0x800'82c5         Code  Wk  startup_stm32u575xx.o [7]
HEAP$$Base              0x2000'2308          --   Gb  - Linker created -
HEAP$$Limit             0x2000'2508          --   Gb  - Linker created -
HW_IF_PWR_GetVoltage     0x800'7c41    0xe  Code  Gb  usbpd_pwr_hw_if.o [10]
HW_SignalAttachement     0x800'5b31    0xc  Code  Gb  usbpd_phy_hw_if.o [10]
HW_SignalDetachment      0x800'5b3d    0xe  Code  Gb  usbpd_phy_hw_if.o [10]
HardFault_Handler        0x800'7fe7    0x2  Code  Gb  stm32u5xx_it.o [5]
I2C1_ER_IRQHandler       0x800'8231         Code  Wk  startup_stm32u575xx.o [7]
I2C1_EV_IRQHandler       0x800'822d         Code  Wk  startup_stm32u575xx.o [7]
I2C2_ER_IRQHandler       0x800'8239         Code  Wk  startup_stm32u575xx.o [7]
I2C2_EV_IRQHandler       0x800'8235         Code  Wk  startup_stm32u575xx.o [7]
I2C3_ER_IRQHandler       0x800'82ad         Code  Wk  startup_stm32u575xx.o [7]
I2C3_EV_IRQHandler       0x800'82a9         Code  Wk  startup_stm32u575xx.o [7]
I2C4_ER_IRQHandler       0x800'82d1         Code  Wk  startup_stm32u575xx.o [7]
I2C4_EV_IRQHandler       0x800'82d5         Code  Wk  startup_stm32u575xx.o [7]
ICACHE_IRQHandler        0x800'82e9         Code  Wk  startup_stm32u575xx.o [7]
IWDG_IRQHandler          0x800'81c9         Code  Wk  startup_stm32u575xx.o [7]
IntToUnicode             0x800'7e59   0x26  Code  Lc  usbd_desc.o [1]
LL_ADC_REG_SetSequencerRanks
                         0x800'6f1d   0x54  Code  Lc  stm32u5xx_hal_adc.o [8]
LL_ADC_SetChannelSamplingTime
                         0x800'6f71   0x64  Code  Lc  stm32u5xx_hal_adc.o [8]
LL_ADC_SetSamplingTimeCommonChannels
                         0x800'6f05   0x18  Code  Lc  stm32u5xx_hal_adc.o [8]
LL_AHB2_GRP1_EnableClock
                         0x800'6cb9   0x16  Code  Lc  stm32u5xx_nucleo_usbpd_pwr.o [9]
LL_AHB2_GRP1_EnableClock
                         0x800'67a5   0x18  Code  Lc  usbpd_cad_hw_if.o [10]
LL_GPIO_SetPinMode       0x800'6ccf   0x10  Code  Lc  stm32u5xx_nucleo_usbpd_pwr.o [9]
LL_GPIO_SetPinMode       0x800'67bd   0x10  Code  Lc  usbpd_cad_hw_if.o [10]
LL_GPIO_SetPinPull       0x800'6cdf   0x10  Code  Lc  stm32u5xx_nucleo_usbpd_pwr.o [9]
LL_GPIO_SetPinPull       0x800'67cd   0x10  Code  Lc  usbpd_cad_hw_if.o [10]
LL_UCPD_Init             0x800'6c55   0x44  Code  Gb  stm32u5xx_ll_ucpd.o [8]
LL_UCPD_StructInit       0x800'6ca5   0x14  Code  Gb  stm32u5xx_ll_ucpd.o [8]
LPDMA1_Channel0_IRQHandler
                         0x800'82fd         Code  Wk  startup_stm32u575xx.o [7]
LPDMA1_Channel1_IRQHandler
                         0x800'8301         Code  Wk  startup_stm32u575xx.o [7]
LPDMA1_Channel2_IRQHandler
                         0x800'8305         Code  Wk  startup_stm32u575xx.o [7]
LPDMA1_Channel3_IRQHandler
                         0x800'8309         Code  Wk  startup_stm32u575xx.o [7]
LPGPIO_Map               0x800'7ec8   0x80  Data  Lc  stm32u5xx_hal_gpio.o [8]
LPTIM1_IRQHandler        0x800'8259         Code  Wk  startup_stm32u575xx.o [7]
LPTIM2_IRQHandler        0x800'825d         Code  Wk  startup_stm32u575xx.o [7]
LPTIM3_IRQHandler        0x800'82c9         Code  Wk  startup_stm32u575xx.o [7]
LPTIM4_IRQHandler        0x800'82ed         Code  Wk  startup_stm32u575xx.o [7]
LPUART1_IRQHandler       0x800'8255         Code  Wk  startup_stm32u575xx.o [7]
LineCoding              0x2000'0120    0x8  Data  Gb  usbd_cdc_if.o [1]
MDF1_FLT0_IRQHandler     0x800'82d9         Code  Wk  startup_stm32u575xx.o [7]
MDF1_FLT1_IRQHandler     0x800'82dd         Code  Wk  startup_stm32u575xx.o [7]
MDF1_FLT2_IRQHandler     0x800'82e1         Code  Wk  startup_stm32u575xx.o [7]
MDF1_FLT3_IRQHandler     0x800'82e5         Code  Wk  startup_stm32u575xx.o [7]
MDF1_FLT4_IRQHandler     0x800'8319         Code  Wk  startup_stm32u575xx.o [7]
MDF1_FLT5_IRQHandler     0x800'831d         Code  Wk  startup_stm32u575xx.o [7]
MSIRangeTable            0x800'7fa4   0x40  Data  Gb  system_stm32u5xx.o [3]
MX_ADC1_Init::hadc1     0x2000'1cdc   0xb8  Data  Lc  stm32u5xx_nucleo_usbpd_pwr.o [9]
MX_USBPD_Init            0x800'5c35   0x14  Code  Gb  usbpd.o [12]
MX_USB_Device_Init       0x800'5be5   0x3a  Code  Gb  usb_device.o [1]
MemManage_Handler        0x800'7fe9    0x2  Code  Gb  stm32u5xx_it.o [5]
NMI_Handler              0x800'7fe5    0x2  Code  Gb  stm32u5xx_it.o [5]
OCTOSPI1_IRQHandler      0x800'8279         Code  Wk  startup_stm32u575xx.o [7]
OCTOSPI2_IRQHandler      0x800'8315         Code  Wk  startup_stm32u575xx.o [7]
OTG_FS_IRQHandler        0x800'7ffd    0x6  Code  Gb  stm32u5xx_it.o [5]
PORTx_IRQHandler         0x800'7c53  0x15c  Code  Gb  usbpd_hw_if_it.o [10]
PORTx_IRQHandler::ovrflag
                        0x2000'1f05    0x1  Data  Lc  usbpd_hw_if_it.o [10]
PVD_AVD_IRQHandler       0x800'8161         Code  Wk  startup_stm32u575xx.o [7]
PWR_S3WU_IRQHandler      0x800'827d         Code  Wk  startup_stm32u575xx.o [7]
PendSV_Handler           0x800'7ff3    0x2  Code  Gb  stm32u5xx_it.o [5]
Ports                   0x2000'1e9c   0x38  Data  Gb  usbpd_phy_hw_if.o [10]
RAMCFG_IRQHandler        0x800'8171         Code  Wk  startup_stm32u575xx.o [7]
RCCEx_PLL2_Config        0x800'103d   0x68  Code  Lc  stm32u5xx_hal_rcc_ex.o [8]
RCCEx_PLL3_Config        0x800'10d3   0x6e  Code  Lc  stm32u5xx_hal_rcc_ex.o [8]
RCC_IRQHandler           0x800'8181         Code  Wk  startup_stm32u575xx.o [7]
RCC_S_IRQHandler         0x800'8185         Code  Wk  startup_stm32u575xx.o [7]
RCC_SetFlashLatencyFromMSIRange
                         0x800'1d55   0x8c  Code  Lc  stm32u5xx_hal_rcc.o [8]
RNG_IRQHandler           0x800'82bd         Code  Wk  startup_stm32u575xx.o [7]
RTC_IRQHandler           0x800'8165         Code  Wk  startup_stm32u575xx.o [7]
RTC_S_IRQHandler         0x800'8169         Code  Wk  startup_stm32u575xx.o [7]
Region$$Table$$Base      0x800'80b8          --   Gb  - Linker created -
Region$$Table$$Limit     0x800'80d8          --   Gb  - Linker created -
Reset_Handler            0x800'8141         Code  Wk  startup_stm32u575xx.o [7]
SAI1_IRQHandler          0x800'82b1         Code  Wk  startup_stm32u575xx.o [7]
SAI2_IRQHandler          0x800'82b5         Code  Wk  startup_stm32u575xx.o [7]
SDMMC1_IRQHandler        0x800'8281         Code  Wk  startup_stm32u575xx.o [7]
SDMMC2_IRQHandler        0x800'8285         Code  Wk  startup_stm32u575xx.o [7]
SPI1_IRQHandler          0x800'823d         Code  Wk  startup_stm32u575xx.o [7]
SPI2_IRQHandler          0x800'8241         Code  Wk  startup_stm32u575xx.o [7]
SPI3_IRQHandler          0x800'82cd         Code  Wk  startup_stm32u575xx.o [7]
SVC_Handler              0x800'7fef    0x2  Code  Gb  stm32u5xx_it.o [5]
SWAPBYTE                 0x800'47e1    0xa  Code  Lc  usbd_ctlreq.o [6]
SecureFault_Handler      0x800'8159         Code  Wk  startup_stm32u575xx.o [7]
SysTick_Handler          0x800'7ff5    0x4  Code  Gb  stm32u5xx_it.o [5]
SystemClock_Config       0x800'4fef   0x94  Code  Gb  main.o [5]
SystemCoreClock         0x2000'000c    0x4  Data  Gb  system_stm32u5xx.o [3]
SystemInit               0x800'7f49   0x3a  Code  Gb  system_stm32u5xx.o [3]
TAMP_IRQHandler          0x800'816d         Code  Wk  startup_stm32u575xx.o [7]
TIM15_IRQHandler         0x800'8261         Code  Wk  startup_stm32u575xx.o [7]
TIM16_IRQHandler         0x800'8265         Code  Wk  startup_stm32u575xx.o [7]
TIM17_IRQHandler         0x800'8269         Code  Wk  startup_stm32u575xx.o [7]
TIM1_BRK_IRQHandler      0x800'81f9         Code  Wk  startup_stm32u575xx.o [7]
TIM1_CC_IRQHandler       0x800'8205         Code  Wk  startup_stm32u575xx.o [7]
TIM1_TRG_COM_IRQHandler
                         0x800'8201         Code  Wk  startup_stm32u575xx.o [7]
TIM1_UP_IRQHandler       0x800'81fd         Code  Wk  startup_stm32u575xx.o [7]
TIM2_IRQHandler          0x800'8209         Code  Wk  startup_stm32u575xx.o [7]
TIM3_IRQHandler          0x800'8011    0x6  Code  Gb  stm32u5xx_it.o [5]
TIM4_IRQHandler          0x800'820d         Code  Wk  startup_stm32u575xx.o [7]
TIM5_IRQHandler          0x800'8211         Code  Wk  startup_stm32u575xx.o [7]
TIM6_IRQHandler          0x800'8215         Code  Wk  startup_stm32u575xx.o [7]
TIM7_IRQHandler          0x800'8219         Code  Wk  startup_stm32u575xx.o [7]
TIM8_BRK_IRQHandler      0x800'821d         Code  Wk  startup_stm32u575xx.o [7]
TIM8_CC_IRQHandler       0x800'8229         Code  Wk  startup_stm32u575xx.o [7]
TIM8_TRG_COM_IRQHandler
                         0x800'8225         Code  Wk  startup_stm32u575xx.o [7]
TIM8_UP_IRQHandler       0x800'8221         Code  Wk  startup_stm32u575xx.o [7]
TIM_Base_SetConfig       0x800'40ab  0x130  Code  Gb  stm32u5xx_hal_tim.o [8]
TSC_IRQHandler           0x800'82b9         Code  Wk  startup_stm32u575xx.o [7]
TimHandle               0x2000'0128   0x4c  Data  Gb  usbd_cdc_if.o [1]
UART4_IRQHandler         0x800'824d         Code  Wk  startup_stm32u575xx.o [7]
UART5_IRQHandler         0x800'8251         Code  Wk  startup_stm32u575xx.o [7]
UARTPrescTable           0x800'2f18   0x18  Data  Gb  stm32u5xx_hal_uart.o [8]
UART_AdvFeatureConfig    0x800'272b   0xc6  Code  Gb  stm32u5xx_hal_uart.o [8]
UART_CheckIdleState      0x800'27f1   0x5e  Code  Gb  stm32u5xx_hal_uart.o [8]
UART_DMAAbortOnError     0x800'2b75   0x12  Code  Lc  stm32u5xx_hal_uart.o [8]
UART_DMAError            0x800'2b25   0x4e  Code  Lc  stm32u5xx_hal_uart.o [8]
UART_DMATransmitCplt     0x800'2ad9   0x3c  Code  Lc  stm32u5xx_hal_uart.o [8]
UART_DMATxHalfCplt       0x800'2b15    0x6  Code  Lc  stm32u5xx_hal_uart.o [8]
UART_EndRxTransfer       0x800'2a61   0x28  Code  Lc  stm32u5xx_hal_uart.o [8]
UART_EndTxTransfer       0x800'2a1d   0x16  Code  Lc  stm32u5xx_hal_uart.o [8]
UART_RxISR_16BIT         0x800'2bed   0x4e  Code  Lc  stm32u5xx_hal_uart.o [8]
UART_RxISR_16BIT_FIFOEN
                         0x800'2d51   0x96  Code  Lc  stm32u5xx_hal_uart.o [8]
UART_RxISR_8BIT          0x800'2b9d   0x4e  Code  Lc  stm32u5xx_hal_uart.o [8]
UART_RxISR_8BIT_FIFOEN   0x800'2cb1   0x96  Code  Lc  stm32u5xx_hal_uart.o [8]
UART_SetConfig           0x800'25b9  0x15a  Code  Gb  stm32u5xx_hal_uart.o [8]
UART_Start_Receive_IT    0x800'2907   0xf4  Code  Gb  stm32u5xx_hal_uart.o [8]
UART_WaitOnFlagUntilTimeout
                         0x800'284f   0x7a  Code  Gb  stm32u5xx_hal_uart.o [8]
UCPD1_IRQHandler         0x800'7ff9    0x4  Code  Gb  stm32u5xx_it.o [5]
USART1_IRQHandler        0x800'800b    0x6  Code  Gb  stm32u5xx_it.o [5]
USART2_IRQHandler        0x800'8245         Code  Wk  startup_stm32u575xx.o [7]
USART3_IRQHandler        0x800'8249         Code  Wk  startup_stm32u575xx.o [7]
USBD_CDC                0x2000'001c   0x38  Data  Gb  usbd_cdc.o [2]
USBD_CDC_CfgFSDesc      0x2000'0098   0x44  Data  Lc  usbd_cdc.o [2]
USBD_CDC_CfgHSDesc      0x2000'0054   0x44  Data  Lc  usbd_cdc.o [2]
USBD_CDC_ConfigStrDescriptor
                         0x800'7e1d    0xa  Code  Gb  usbd_desc.o [1]
USBD_CDC_DataIn          0x800'43b9   0x60  Code  Lc  usbd_cdc.o [2]
USBD_CDC_DataOut         0x800'4419   0x28  Code  Lc  usbd_cdc.o [2]
USBD_CDC_DeInit          0x800'42b9   0x4a  Code  Lc  usbd_cdc.o [2]
USBD_CDC_DeviceDesc     0x2000'11b0   0x14  Data  Gb  usbd_desc.o [1]
USBD_CDC_DeviceDescriptor
                         0x800'7dc9    0x8  Code  Gb  usbd_desc.o [1]
USBD_CDC_DeviceQualifierDesc
                        0x2000'0010    0xc  Data  Lc  usbd_cdc.o [2]
USBD_CDC_EP0_RxReady     0x800'4441   0x2c  Code  Lc  usbd_cdc.o [2]
USBD_CDC_GetDeviceQualifierDescriptor
                         0x800'4485    0x8  Code  Gb  usbd_cdc.o [2]
USBD_CDC_GetFSCfgDesc    0x800'446d    0x8  Code  Lc  usbd_cdc.o [2]
USBD_CDC_GetHSCfgDesc    0x800'4475    0x8  Code  Lc  usbd_cdc.o [2]
USBD_CDC_GetOtherSpeedCfgDesc
                         0x800'447d    0x8  Code  Lc  usbd_cdc.o [2]
USBD_CDC_Init            0x800'421d   0x92  Code  Lc  usbd_cdc.o [2]
USBD_CDC_InterfaceStrDescriptor
                         0x800'7e4d    0xc  Code  Gb  usbd_desc.o [1]
USBD_CDC_LangIDStrDescriptor
                         0x800'7dd1    0x8  Code  Gb  usbd_desc.o [1]
USBD_CDC_ManufacturerStrDescriptor
                         0x800'7de5    0xc  Code  Gb  usbd_desc.o [1]
USBD_CDC_OtherSpeedCfgDesc
                        0x2000'00dc   0x44  Data  Lc  usbd_cdc.o [2]
USBD_CDC_ProductStrDescriptor
                         0x800'7dd9    0xc  Code  Gb  usbd_desc.o [1]
USBD_CDC_ReceivePacket   0x800'44ff   0x26  Code  Gb  usbd_cdc.o [2]
USBD_CDC_RegisterInterface
                         0x800'449d    0xe  Code  Gb  usbd_cdc.o [2]
USBD_CDC_SerialStrDescriptor
                         0x800'7df1   0x2c  Code  Gb  usbd_desc.o [1]
USBD_CDC_SetRxBuffer     0x800'44c1   0x12  Code  Gb  usbd_cdc.o [2]
USBD_CDC_SetTxBuffer     0x800'44ab   0x16  Code  Gb  usbd_cdc.o [2]
USBD_CDC_Setup           0x800'4303   0xb6  Code  Lc  usbd_cdc.o [2]
USBD_CDC_TransmitPacket
                         0x800'44d3   0x2c  Code  Gb  usbd_cdc.o [2]
USBD_CDC_fops           0x2000'1180   0x14  Data  Gb  usbd_cdc_if.o [1]
USBD_Clock_Config        0x800'5b55   0x90  Code  Gb  usb_device.o [1]
USBD_ClrClassConfig      0x800'4cf1   0x10  Code  Gb  usbd_core.o [6]
USBD_CtlContinueRx       0x800'47b5    0x6  Code  Gb  usbd_ioreq.o [6]
USBD_CtlContinueSendData
                         0x800'478f    0x6  Code  Gb  usbd_ioreq.o [6]
USBD_CtlError            0x800'4c11   0x16  Code  Gb  usbd_ctlreq.o [6]
USBD_CtlPrepareRx        0x800'479f   0x16  Code  Gb  usbd_ioreq.o [6]
USBD_CtlReceiveStatus    0x800'47d3    0xe  Code  Gb  usbd_ioreq.o [6]
USBD_CtlSendData         0x800'477d   0x12  Code  Gb  usbd_ioreq.o [6]
USBD_CtlSendStatus       0x800'47c5    0xe  Code  Gb  usbd_ioreq.o [6]
USBD_GetString           0x800'4c27   0x46  Code  Gb  usbd_ctlreq.o [6]
USBD_Get_USB_Status      0x800'476b   0x12  Code  Lc  usbd_conf.o [11]
USBD_Init                0x800'4c73   0x26  Code  Gb  usbd_core.o [6]
USBD_LL_ClearStallEP     0x800'46d5    0xc  Code  Gb  usbd_conf.o [11]
USBD_LL_CloseEP          0x800'46bd    0xc  Code  Gb  usbd_conf.o [11]
USBD_LL_DataInStage      0x800'4dc1   0x96  Code  Gb  usbd_core.o [6]
USBD_LL_DataOutStage     0x800'4d5d   0x64  Code  Gb  usbd_core.o [6]
USBD_LL_DevConnected     0x800'4f39    0x4  Code  Gb  usbd_core.o [6]
USBD_LL_DevDisconnected
                         0x800'4f3d   0x1a  Code  Gb  usbd_core.o [6]
USBD_LL_GetRxDataSize    0x800'4723    0x8  Code  Gb  usbd_conf.o [11]
USBD_LL_Init             0x800'4633   0x58  Code  Gb  usbd_conf.o [11]
USBD_LL_IsStallEP        0x800'46e1   0x1e  Code  Gb  usbd_conf.o [11]
USBD_LL_IsoINIncomplete
                         0x800'4efd   0x1e  Code  Gb  usbd_core.o [6]
USBD_LL_IsoOUTIncomplete
                         0x800'4f1b   0x1e  Code  Gb  usbd_core.o [6]
USBD_LL_OpenEP           0x800'46a7   0x16  Code  Gb  usbd_conf.o [11]
USBD_LL_PrepareReceive   0x800'4717    0xc  Code  Gb  usbd_conf.o [11]
USBD_LL_Reset            0x800'4e57   0x60  Code  Gb  usbd_core.o [6]
USBD_LL_Resume           0x800'4ecd   0x12  Code  Gb  usbd_core.o [6]
USBD_LL_SOF              0x800'4edf   0x1e  Code  Gb  usbd_core.o [6]
USBD_LL_SetSpeed         0x800'4eb7    0x6  Code  Gb  usbd_core.o [6]
USBD_LL_SetUSBAddress    0x800'46ff    0xc  Code  Gb  usbd_conf.o [11]
USBD_LL_SetupStage       0x800'4d01   0x5c  Code  Gb  usbd_core.o [6]
USBD_LL_StallEP          0x800'46c9    0xc  Code  Gb  usbd_conf.o [11]
USBD_LL_Start            0x800'468b    0xa  Code  Gb  usbd_conf.o [11]
USBD_LL_Stop             0x800'469b    0xc  Code  Gb  usbd_conf.o [11]
USBD_LL_Suspend          0x800'4ebd   0x10  Code  Gb  usbd_core.o [6]
USBD_LL_Transmit         0x800'470b    0xc  Code  Gb  usbd_conf.o [11]
USBD_LangIDDesc         0x2000'11c4    0x4  Data  Gb  usbd_desc.o [1]
USBD_ParseSetupRequest   0x800'4be7   0x2a  Code  Gb  usbd_ctlreq.o [6]
USBD_RegisterClass       0x800'4c99   0x22  Code  Gb  usbd_core.o [6]
USBD_SetClassConfig      0x800'4cdf   0x12  Code  Gb  usbd_core.o [6]
USBD_SetConfig::cfgidx  0x2000'1f04    0x1  Data  Lc  usbd_ctlreq.o [6]
USBD_Start               0x800'4cbb    0x4  Code  Gb  usbd_core.o [6]
USBD_StdDevReq           0x800'47ed  0x27c  Code  Gb  usbd_ctlreq.o [6]
USBD_StdEPReq            0x800'4abf  0x120  Code  Gb  usbd_ctlreq.o [6]
USBD_StdItfReq           0x800'4a73   0x4c  Code  Gb  usbd_ctlreq.o [6]
USBD_Stop                0x800'4cbf   0x16  Code  Gb  usbd_core.o [6]
USBD_StrDesc            0x2000'1adc  0x200  Data  Gb  usbd_desc.o [1]
USBD_StringSerial       0x2000'11c8   0x1c  Data  Gb  usbd_desc.o [1]
USBD_static_free         0x800'4769    0x2  Code  Gb  usbd_conf.o [11]
USBD_static_malloc       0x800'4749    0x4  Code  Gb  usbd_conf.o [11]
USBD_static_malloc::mem
                        0x2000'18bc  0x220  Data  Lc  usbd_conf.o [11]
USBPDM1_AssertRd         0x800'5ab9   0x70  Code  Gb  usbpd_phy_hw_if.o [10]
USBPD_CAD_GetMemoryConsumption
                         0x800'6735    0x4  Code  Gb  usbpd_cad.o [13]
USBPD_CAD_Init           0x800'65fd   0x5a  Code  Gb  usbpd_cad.o [13]
USBPD_CAD_PortEnable     0x800'6657    0xe  Code  Gb  usbpd_cad.o [13]
USBPD_CAD_Process        0x800'6665   0xc4  Code  Gb  usbpd_cad.o [13]
USBPD_DPM_CADCallback    0x800'5cb5   0x50  Code  Gb  usbpd_dpm_core.o [12]
USBPD_DPM_CADTaskWakeUp
                         0x800'5cad    0x8  Code  Lc  usbpd_dpm_core.o [12]
USBPD_DPM_InitCore       0x800'5c49   0x38  Code  Gb  usbpd_dpm_core.o [12]
USBPD_DPM_InitCore::CAD_cbs
                         0x800'5d14    0x8  Data  Lc  usbpd_dpm_core.o [12]
USBPD_DPM_InitOS         0x800'5c81    0x4  Code  Gb  usbpd_dpm_core.o [12]
USBPD_DPM_Notification   0x800'673d   0x12  Code  Gb  usbpd_dpm_user.o [12]
USBPD_DPM_Run            0x800'5c85   0x28  Code  Gb  usbpd_dpm_core.o [12]
USBPD_DPM_UserCableDetection
                         0x800'673b    0x2  Code  Gb  usbpd_dpm_user.o [12]
USBPD_DPM_UserExecute    0x800'6739    0x2  Code  Gb  usbpd_dpm_user.o [12]
USBPD_HW_GetUSPDInstance
                         0x800'6c4d    0x4  Code  Gb  usbpd_hw.o [10]
USBPD_HW_IF_GlobalHwInit
                         0x800'5a8d   0x2c  Code  Gb  usbpd_phy_hw_if.o [10]
USBPD_PE_CheckLIB        0x800'65e1    0xe  Code  Gb  usbpd_pe_lib.o [13]
USBPD_PE_GetMemoryConsumption
                         0x800'65f5    0x8  Code  Gb  usbpd_pe_lib.o [13]
USBPD_PORT0_IRQHandler   0x800'7c51    0x2  Code  Gb  usbpd_hw_if_it.o [10]
USBPD_PWR_IF_GetVBUSStatus
                         0x800'6ed1   0x30  Code  Gb  usbpd_pwr_if.o [12]
USBPD_TRACE_Add          0x800'6f01    0x2  Code  Gb  usbpd_trace.o [10]
USBPD_USBIF_DeviceStart
                         0x800'6b49   0x24  Code  Gb  usbpd_usb_if.o [12]
USBPD_USBIF_DeviceStop   0x800'6b6d   0x1e  Code  Gb  usbpd_usb_if.o [12]
USB_ActivateEndpoint     0x800'6051   0x5a  Code  Gb  stm32u5xx_ll_usb.o [8]
USB_ActivateSetup        0x800'64f1   0x18  Code  Gb  stm32u5xx_ll_usb.o [8]
USB_CoreInit             0x800'5d1d   0x4a  Code  Gb  stm32u5xx_ll_usb.o [8]
USB_DeactivateEndpoint   0x800'60bd   0x48  Code  Gb  stm32u5xx_ll_usb.o [8]
USB_DevConnect           0x800'6453   0x18  Code  Gb  stm32u5xx_ll_usb.o [8]
USB_DevDisconnect        0x800'646b   0x16  Code  Gb  stm32u5xx_ll_usb.o [8]
USB_DevInit              0x800'5ea1  0x14e  Code  Gb  stm32u5xx_ll_usb.o [8]
USB_DisableGlobalInt     0x800'5e3d    0x6  Code  Gb  stm32u5xx_ll_usb.o [8]
USB_EP0StartXfer         0x800'62a5   0xcc  Code  Gb  stm32u5xx_ll_usb.o [8]
USB_EP0_OutStart         0x800'6509   0x44  Code  Gb  stm32u5xx_ll_usb.o [8]
USB_EPClearStall         0x800'6405   0x32  Code  Gb  stm32u5xx_ll_usb.o [8]
USB_EPSetStall           0x800'63d5   0x30  Code  Gb  stm32u5xx_ll_usb.o [8]
USB_EPStartXfer          0x800'6149  0x15c  Code  Gb  stm32u5xx_ll_usb.o [8]
USB_EnableGlobalInt      0x800'5e35    0x8  Code  Gb  stm32u5xx_ll_usb.o [8]
USB_FlushRxFifo          0x800'600f   0x1c  Code  Gb  stm32u5xx_ll_usb.o [8]
USB_FlushTxFifo          0x800'5fef   0x20  Code  Gb  stm32u5xx_ll_usb.o [8]
USB_GetDevSpeed          0x800'6035   0x1c  Code  Gb  stm32u5xx_ll_usb.o [8]
USB_GetMode              0x800'64e9    0x8  Code  Gb  stm32u5xx_ll_usb.o [8]
USB_ReadDevAllInEpInterrupt
                         0x800'649f    0xe  Code  Gb  stm32u5xx_ll_usb.o [8]
USB_ReadDevAllOutEpInterrupt
                         0x800'6491    0xe  Code  Gb  stm32u5xx_ll_usb.o [8]
USB_ReadDevInEPInterrupt
                         0x800'64c3   0x26  Code  Gb  stm32u5xx_ll_usb.o [8]
USB_ReadDevOutEPInterrupt
                         0x800'64ad   0x16  Code  Gb  stm32u5xx_ll_usb.o [8]
USB_ReadInterrupts       0x800'6487    0xa  Code  Gb  stm32u5xx_ll_usb.o [8]
USB_ReadPacket           0x800'6395   0x40  Code  Gb  stm32u5xx_ll_usb.o [8]
USB_SetCurrentMode       0x800'5e49   0x58  Code  Gb  stm32u5xx_ll_usb.o [8]
USB_SetDevAddress        0x800'6437   0x16  Code  Gb  stm32u5xx_ll_usb.o [8]
USB_SetDevSpeed          0x800'602b    0xa  Code  Gb  stm32u5xx_ll_usb.o [8]
USB_SetTurnaroundTime    0x800'5d67   0xce  Code  Gb  stm32u5xx_ll_usb.o [8]
USB_WritePacket          0x800'6371   0x24  Code  Gb  stm32u5xx_ll_usb.o [8]
UartHandle              0x2000'1d94   0x90  Data  Gb  usbd_cdc_if.o [1]
UsageFault_Handler       0x800'7fed    0x2  Code  Gb  stm32u5xx_it.o [5]
UserRxBuffer            0x2000'0180  0x800  Data  Gb  usbd_cdc_if.o [1]
UserTxBufPtrIn          0x2000'0178    0x4  Data  Gb  usbd_cdc_if.o [1]
UserTxBufPtrOut         0x2000'017c    0x4  Data  Gb  usbd_cdc_if.o [1]
UserTxBuffer            0x2000'0980  0x800  Data  Gb  usbd_cdc_if.o [1]
WWDG_IRQHandler          0x800'815d         Code  Wk  startup_stm32u575xx.o [7]
__NVIC_SetPriority       0x800'1fb1   0x1a  Code  Lc  stm32u5xx_hal_cortex.o [8]
__Vectors                0x800'0000          --   Gb  startup_stm32u575xx.o [7]
__Vectors_End            0x800'0234         Data  Gb  startup_stm32u575xx.o [7]
__Vectors_Size {Abs}          0x234          --   Gb  startup_stm32u575xx.o [7]
__aeabi_ldiv0            0x800'4525         Code  Gb  I64DivZer.o [16]
__aeabi_memclr           0x800'679d         Code  Gb  ABImemclr.o [16]
__aeabi_memclr4          0x800'4c6d         Code  Gb  ABImemclr4.o [16]
__aeabi_memset           0x800'6be5         Code  Gb  ABImemset.o [16]
__cmain                  0x800'80dd         Code  Gb  cmain.o [16]
__data_GetMemChunk       0x800'6bb9   0x2c  Code  Gb  xgetmemchunk.o [14]
__data_GetMemChunk::start
                        0x2000'1f00    0x4  Data  Lc  xgetmemchunk.o [14]
__exit                   0x800'8111   0x14  Code  Gb  exit.o [17]
__iar_Memset             0x800'6be5         Code  Gb  ABImemset.o [16]
__iar_Memset4_word       0x800'59c9         Code  Gb  ABImemset48.o [16]
__iar_Memset8_word       0x800'59c9         Code  Gb  ABImemset48.o [16]
__iar_Memset_word        0x800'6bed         Code  Gb  ABImemset.o [16]
__iar_data_init3         0x800'806d   0x28  Code  Gb  data_init.o [16]
__iar_init_vfp           0x800'8095         Code  Gb  fpinit_M.o [15]
__iar_lz77_init_single3
                         0x800'1e2b   0x7e  Code  Gb  lz77_init_single.o [16]
__iar_program_start      0x800'8125         Code  Gb  cstartup_M.o [16]
__iar_small_Memcpy       0x800'65c9         Code  Gb  ABImemcpy_small.o [16]
__iar_small_memcpy       0x800'65c5         Code  Gb  ABImemcpy_small.o [16]
__iar_small_memcpy4      0x800'65c5         Code  Gb  ABImemcpy_small.o [16]
__iar_small_memcpy8      0x800'65c5         Code  Gb  ABImemcpy_small.o [16]
__iar_small_uldivmod     0x800'394d         Code  Gb  I64DivMod_small.o [16]
__iar_zero_init3         0x800'8035   0x38  Code  Gb  zero_init3.o [16]
__low_level_init         0x800'80fb    0x4  Code  Gb  low_level_init.o [14]
__no_free_malloc         0x800'6751   0x46  Code  Gb  no_free_heap0.o [14]
__vector_table           0x800'0000         Data  Gb  startup_stm32u575xx.o [7]
_call_main               0x800'80e9         Code  Gb  cmain.o [16]
_exit                    0x800'8105         Code  Gb  cexit.o [16]
exit                     0x800'80ff    0x4  Code  Gb  exit.o [14]
hUsbDeviceFS            0x2000'15ec  0x2d0  Data  Gb  usb_device.o [1]
hpcd_USB_OTG_FS         0x2000'11e4  0x408  Data  Gb  usbd_conf.o [11]
main                     0x800'4f59   0x84  Code  Gb  main.o [5]
memset                   0x800'7b69   0x14  Code  Gb  memset.o [16]
qs                      0x2000'1efc    0x4  Data  Lc  no_free_heap0.o [14]
uwPrescalerValue        0x2000'0174    0x4  Data  Gb  usbd_cdc_if.o [1]
uwTick                  0x2000'0004    0x4  Data  Gb  stm32u5xx_hal.o [8]
uwTickFreq              0x2000'0000    0x1  Data  Gb  stm32u5xx_hal.o [8]
uwTickPrio              0x2000'0008    0x4  Data  Gb  stm32u5xx_hal.o [8]


[1] = C:\Users\Irdatlanka\Documents\GitHub\stm32u5-classic-coremw-apps\Projects\NUCLEO-U575ZI-Q\Applications\USB_Device\CDC_Standalone\EWARM\NUCLEO-U575ZI-Q\Obj\App_6612947199827748718.dir
[2] = C:\Users\Irdatlanka\Documents\GitHub\stm32u5-classic-coremw-apps\Projects\NUCLEO-U575ZI-Q\Applications\USB_Device\CDC_Standalone\EWARM\NUCLEO-U575ZI-Q\Obj\CDC_16681379477064853705.dir
[3] = C:\Users\Irdatlanka\Documents\GitHub\stm32u5-classic-coremw-apps\Projects\NUCLEO-U575ZI-Q\Applications\USB_Device\CDC_Standalone\EWARM\NUCLEO-U575ZI-Q\Obj\CMSIS_6603591812247902717.dir
[4] = C:\Users\Irdatlanka\Documents\GitHub\stm32u5-classic-coremw-apps\Projects\NUCLEO-U575ZI-Q\Applications\USB_Device\CDC_Standalone\EWARM\NUCLEO-U575ZI-Q\Obj\Components_1361118596739929299.dir
[5] = C:\Users\Irdatlanka\Documents\GitHub\stm32u5-classic-coremw-apps\Projects\NUCLEO-U575ZI-Q\Applications\USB_Device\CDC_Standalone\EWARM\NUCLEO-U575ZI-Q\Obj\Core_13247989168731456611.dir
[6] = C:\Users\Irdatlanka\Documents\GitHub\stm32u5-classic-coremw-apps\Projects\NUCLEO-U575ZI-Q\Applications\USB_Device\CDC_Standalone\EWARM\NUCLEO-U575ZI-Q\Obj\Core_9232119672538125435.dir
[7] = C:\Users\Irdatlanka\Documents\GitHub\stm32u5-classic-coremw-apps\Projects\NUCLEO-U575ZI-Q\Applications\USB_Device\CDC_Standalone\EWARM\NUCLEO-U575ZI-Q\Obj\EWARM_18443280873093131863.dir
[8] = C:\Users\Irdatlanka\Documents\GitHub\stm32u5-classic-coremw-apps\Projects\NUCLEO-U575ZI-Q\Applications\USB_Device\CDC_Standalone\EWARM\NUCLEO-U575ZI-Q\Obj\STM32U5xx_HAL_Driver_18077472236357910042.dir
[9] = C:\Users\Irdatlanka\Documents\GitHub\stm32u5-classic-coremw-apps\Projects\NUCLEO-U575ZI-Q\Applications\USB_Device\CDC_Standalone\EWARM\NUCLEO-U575ZI-Q\Obj\STM32U5xx_Nucleo_17360961038387864367.dir
[10] = C:\Users\Irdatlanka\Documents\GitHub\stm32u5-classic-coremw-apps\Projects\NUCLEO-U575ZI-Q\Applications\USB_Device\CDC_Standalone\EWARM\NUCLEO-U575ZI-Q\Obj\STM32_USBPD_Library_10637878860516305910.dir
[11] = C:\Users\Irdatlanka\Documents\GitHub\stm32u5-classic-coremw-apps\Projects\NUCLEO-U575ZI-Q\Applications\USB_Device\CDC_Standalone\EWARM\NUCLEO-U575ZI-Q\Obj\Target_14167004246567845465.dir
[12] = C:\Users\Irdatlanka\Documents\GitHub\stm32u5-classic-coremw-apps\Projects\NUCLEO-U575ZI-Q\Applications\USB_Device\CDC_Standalone\EWARM\NUCLEO-U575ZI-Q\Obj\USB-PD_16088497327023206971.dir
[13] = USBPDCORE_NOPD_CM0PLUS_wc32.a
[14] = dl7M_tlf.a
[15] = m7M_tls.a
[16] = rt7M_tl.a
[17] = shb_l.a

  33'342 bytes of readonly  code memory
     509 bytes of readonly  data memory
   9'478 bytes of readwrite data memory

Errors: none
Warnings: none
